[2020-07-09T15:07:00.247+0300][gc,heap] Heap region size: 1M
[2020-07-09T15:07:00.255+0300][gc     ] Using G1
[2020-07-09T15:07:00.255+0300][gc,heap,coops] Heap address: 0x00000000c0000000, size: 1024 MB, Compressed Oops mode: 32-bit
[2020-07-09T15:07:02.732+0300][gc,start     ] GC(0) Pause Young (Normal) (G1 Evacuation Pause)
[2020-07-09T15:07:02.732+0300][gc,task      ] GC(0) Using 1 workers of 1 for evacuation
[2020-07-09T15:07:02.746+0300][gc,phases    ] GC(0)   Pre Evacuate Collection Set: 0,0ms
[2020-07-09T15:07:02.746+0300][gc,phases    ] GC(0)   Evacuate Collection Set: 13,6ms
[2020-07-09T15:07:02.746+0300][gc,phases    ] GC(0)   Post Evacuate Collection Set: 0,4ms
[2020-07-09T15:07:02.746+0300][gc,phases    ] GC(0)   Other: 0,2ms
[2020-07-09T15:07:02.746+0300][gc,heap      ] GC(0) Eden regions: 51->0(44)
[2020-07-09T15:07:02.746+0300][gc,heap      ] GC(0) Survivor regions: 0->7(7)
[2020-07-09T15:07:02.746+0300][gc,heap      ] GC(0) Old regions: 0->0
[2020-07-09T15:07:02.746+0300][gc,heap      ] GC(0) Humongous regions: 0->0
[2020-07-09T15:07:02.746+0300][gc,metaspace ] GC(0) Metaspace: 16250K->16250K(1064960K)
[2020-07-09T15:07:02.746+0300][gc           ] GC(0) Pause Young (Normal) (G1 Evacuation Pause) 51M->6M(1024M) 14,299ms
[2020-07-09T15:07:02.746+0300][gc,cpu       ] GC(0) User=0,01s Sys=0,00s Real=0,01s
[2020-07-09T15:07:03.938+0300][gc,start     ] GC(1) Pause Young (Concurrent Start) (Metadata GC Threshold)
[2020-07-09T15:07:03.938+0300][gc,task      ] GC(1) Using 1 workers of 1 for evacuation
[2020-07-09T15:07:03.953+0300][gc,phases    ] GC(1)   Pre Evacuate Collection Set: 0,2ms
[2020-07-09T15:07:03.953+0300][gc,phases    ] GC(1)   Evacuate Collection Set: 14,8ms
[2020-07-09T15:07:03.953+0300][gc,phases    ] GC(1)   Post Evacuate Collection Set: 0,3ms
[2020-07-09T15:07:03.953+0300][gc,phases    ] GC(1)   Other: 0,2ms
[2020-07-09T15:07:03.953+0300][gc,heap      ] GC(1) Eden regions: 19->0(49)
[2020-07-09T15:07:03.953+0300][gc,heap      ] GC(1) Survivor regions: 7->2(7)
[2020-07-09T15:07:03.953+0300][gc,heap      ] GC(1) Old regions: 0->7
[2020-07-09T15:07:03.953+0300][gc,heap      ] GC(1) Humongous regions: 129->129
[2020-07-09T15:07:03.953+0300][gc,metaspace ] GC(1) Metaspace: 20550K->20550K(1067008K)
[2020-07-09T15:07:03.953+0300][gc           ] GC(1) Pause Young (Concurrent Start) (Metadata GC Threshold) 154M->137M(1024M) 15,489ms
[2020-07-09T15:07:03.953+0300][gc,cpu       ] GC(1) User=0,01s Sys=0,00s Real=0,02s
[2020-07-09T15:07:03.954+0300][gc           ] GC(2) Concurrent Cycle
[2020-07-09T15:07:03.954+0300][gc,marking   ] GC(2) Concurrent Clear Claimed Marks
[2020-07-09T15:07:03.954+0300][gc,marking   ] GC(2) Concurrent Clear Claimed Marks 0,031ms
[2020-07-09T15:07:03.954+0300][gc,marking   ] GC(2) Concurrent Scan Root Regions
[2020-07-09T15:07:03.954+0300][gc,marking   ] GC(2) Concurrent Scan Root Regions 0,770ms
[2020-07-09T15:07:03.954+0300][gc,marking   ] GC(2) Concurrent Mark (3,711s)
[2020-07-09T15:07:03.954+0300][gc,marking   ] GC(2) Concurrent Mark From Roots
[2020-07-09T15:07:03.954+0300][gc,task      ] GC(2) Using 1 workers of 1 for marking
[2020-07-09T15:07:03.977+0300][gc,marking   ] GC(2) Concurrent Mark From Roots 22,551ms
[2020-07-09T15:07:03.977+0300][gc,marking   ] GC(2) Concurrent Preclean
[2020-07-09T15:07:03.977+0300][gc,marking   ] GC(2) Concurrent Preclean 0,067ms
[2020-07-09T15:07:03.977+0300][gc,marking   ] GC(2) Concurrent Mark (3,711s, 3,733s) 22,660ms
[2020-07-09T15:07:03.977+0300][gc,start     ] GC(2) Pause Remark
[2020-07-09T15:07:03.987+0300][gc,stringtable] GC(2) Cleaned string and symbol table, strings: 9037 processed, 0 removed, symbols: 49821 processed, 48 removed
[2020-07-09T15:07:03.990+0300][gc            ] GC(2) Pause Remark 138M->138M(1024M) 12,684ms
[2020-07-09T15:07:03.990+0300][gc,cpu        ] GC(2) User=0,00s Sys=0,00s Real=0,02s
[2020-07-09T15:07:03.990+0300][gc,marking    ] GC(2) Concurrent Rebuild Remembered Sets
[2020-07-09T15:07:04.050+0300][gc,marking    ] GC(2) Concurrent Rebuild Remembered Sets 60,239ms
[2020-07-09T15:07:04.058+0300][gc,start      ] GC(2) Pause Cleanup
[2020-07-09T15:07:04.058+0300][gc            ] GC(2) Pause Cleanup 138M->138M(1024M) 0,666ms
[2020-07-09T15:07:04.058+0300][gc,cpu        ] GC(2) User=0,00s Sys=0,00s Real=0,00s
[2020-07-09T15:07:04.058+0300][gc,marking    ] GC(2) Concurrent Cleanup for Next Mark
[2020-07-09T15:07:04.089+0300][gc,marking    ] GC(2) Concurrent Cleanup for Next Mark 30,474ms
[2020-07-09T15:07:04.089+0300][gc            ] GC(2) Concurrent Cycle 135,202ms
[2020-07-09T15:07:06.367+0300][gc,start      ] GC(3) Pause Young (Normal) (G1 Evacuation Pause)
[2020-07-09T15:07:06.367+0300][gc,task       ] GC(3) Using 1 workers of 1 for evacuation
[2020-07-09T15:07:06.397+0300][gc,mmu        ] GC(3) MMU target violated: 21,0ms (20,0ms/21,0ms)
[2020-07-09T15:07:06.398+0300][gc,phases     ] GC(3)   Pre Evacuate Collection Set: 0,0ms
[2020-07-09T15:07:06.398+0300][gc,phases     ] GC(3)   Evacuate Collection Set: 27,6ms
[2020-07-09T15:07:06.398+0300][gc,phases     ] GC(3)   Post Evacuate Collection Set: 2,2ms
[2020-07-09T15:07:06.398+0300][gc,phases     ] GC(3)   Other: 0,2ms
[2020-07-09T15:07:06.398+0300][gc,heap       ] GC(3) Eden regions: 49->0(46)
[2020-07-09T15:07:06.398+0300][gc,heap       ] GC(3) Survivor regions: 2->5(7)
[2020-07-09T15:07:06.398+0300][gc,heap       ] GC(3) Old regions: 7->7
[2020-07-09T15:07:06.398+0300][gc,heap       ] GC(3) Humongous regions: 129->129
[2020-07-09T15:07:06.398+0300][gc,metaspace  ] GC(3) Metaspace: 30123K->30123K(1077248K)
[2020-07-09T15:07:06.398+0300][gc            ] GC(3) Pause Young (Normal) (G1 Evacuation Pause) 186M->140M(1024M) 30,179ms
[2020-07-09T15:07:06.398+0300][gc,cpu        ] GC(3) User=0,02s Sys=0,00s Real=0,03s
[2020-07-09T15:11:23.541+0300][gc,start      ] GC(4) Pause Young (Concurrent Start) (Metadata GC Threshold)
[2020-07-09T15:11:23.679+0300][gc,task       ] GC(4) Using 1 workers of 1 for evacuation
[2020-07-09T15:11:23.702+0300][gc,mmu        ] GC(4) MMU target violated: 21,0ms (20,0ms/21,0ms)
[2020-07-09T15:11:23.702+0300][gc,phases     ] GC(4)   Pre Evacuate Collection Set: 0,1ms
[2020-07-09T15:11:23.702+0300][gc,phases     ] GC(4)   Evacuate Collection Set: 22,9ms
[2020-07-09T15:11:23.702+0300][gc,phases     ] GC(4)   Post Evacuate Collection Set: 0,3ms
[2020-07-09T15:11:23.702+0300][gc,phases     ] GC(4)   Other: 137,7ms
[2020-07-09T15:11:23.702+0300][gc,heap       ] GC(4) Eden regions: 28->0(48)
[2020-07-09T15:11:23.702+0300][gc,heap       ] GC(4) Survivor regions: 5->3(7)
[2020-07-09T15:11:23.702+0300][gc,heap       ] GC(4) Old regions: 7->12
[2020-07-09T15:11:23.703+0300][gc,heap       ] GC(4) Humongous regions: 129->129
[2020-07-09T15:11:23.703+0300][gc,metaspace  ] GC(4) Metaspace: 34374K->34374K(1081344K)
[2020-07-09T15:11:23.703+0300][gc            ] GC(4) Pause Young (Concurrent Start) (Metadata GC Threshold) 167M->142M(1024M) 161,101ms
[2020-07-09T15:11:23.703+0300][gc,cpu        ] GC(4) User=0,02s Sys=0,01s Real=0,16s
[2020-07-09T15:11:23.703+0300][gc            ] GC(5) Concurrent Cycle
[2020-07-09T15:11:23.703+0300][gc,marking    ] GC(5) Concurrent Clear Claimed Marks
[2020-07-09T15:11:23.703+0300][gc,marking    ] GC(5) Concurrent Clear Claimed Marks 0,085ms
[2020-07-09T15:11:23.703+0300][gc,marking    ] GC(5) Concurrent Scan Root Regions
[2020-07-09T15:11:23.719+0300][gc,marking    ] GC(5) Concurrent Scan Root Regions 16,311ms
[2020-07-09T15:11:23.719+0300][gc,marking    ] GC(5) Concurrent Mark (263,475s)
[2020-07-09T15:11:23.719+0300][gc,marking    ] GC(5) Concurrent Mark From Roots
[2020-07-09T15:11:23.719+0300][gc,task       ] GC(5) Using 1 workers of 1 for marking
[2020-07-09T15:11:23.778+0300][gc,marking    ] GC(5) Concurrent Mark From Roots 58,536ms
[2020-07-09T15:11:23.778+0300][gc,marking    ] GC(5) Concurrent Preclean
[2020-07-09T15:11:23.778+0300][gc,marking    ] GC(5) Concurrent Preclean 0,075ms
[2020-07-09T15:11:23.778+0300][gc,marking    ] GC(5) Concurrent Mark (263,475s, 263,534s) 58,655ms
[2020-07-09T15:11:23.778+0300][gc,start      ] GC(5) Pause Remark
[2020-07-09T15:11:23.794+0300][gc,stringtable] GC(5) Cleaned string and symbol table, strings: 15106 processed, 11 removed, symbols: 78882 processed, 32 removed
[2020-07-09T15:11:23.794+0300][gc            ] GC(5) Pause Remark 145M->145M(1024M) 16,476ms
[2020-07-09T15:11:23.794+0300][gc,cpu        ] GC(5) User=0,01s Sys=0,00s Real=0,02s
[2020-07-09T15:11:23.794+0300][gc,marking    ] GC(5) Concurrent Rebuild Remembered Sets
[2020-07-09T15:11:23.828+0300][gc,marking    ] GC(5) Concurrent Rebuild Remembered Sets 33,722ms
[2020-07-09T15:11:23.828+0300][gc,start      ] GC(5) Pause Cleanup
[2020-07-09T15:11:23.829+0300][gc            ] GC(5) Pause Cleanup 145M->145M(1024M) 0,268ms
[2020-07-09T15:11:23.829+0300][gc,cpu        ] GC(5) User=0,00s Sys=0,00s Real=0,00s
[2020-07-09T15:11:23.829+0300][gc,marking    ] GC(5) Concurrent Cleanup for Next Mark
[2020-07-09T15:11:23.852+0300][gc,marking    ] GC(5) Concurrent Cleanup for Next Mark 23,761ms
[2020-07-09T15:11:23.852+0300][gc            ] GC(5) Concurrent Cycle 149,753ms
