[2020-07-10T09:37:44.930+0300][gc,heap] Heap region size: 1M
[2020-07-10T09:37:44.937+0300][gc     ] Using G1
[2020-07-10T09:37:44.937+0300][gc,heap,coops] Heap address: 0x00000000c0000000, size: 1024 MB, Compressed Oops mode: 32-bit
[2020-07-10T09:37:48.210+0300][gc,start     ] GC(0) Pause Young (Normal) (G1 Evacuation Pause)
[2020-07-10T09:37:48.210+0300][gc,task      ] GC(0) Using 1 workers of 1 for evacuation
[2020-07-10T09:37:48.238+0300][gc,mmu       ] GC(0) MMU target violated: 21,0ms (20,0ms/21,0ms)
[2020-07-10T09:37:48.238+0300][gc,phases    ] GC(0)   Pre Evacuate Collection Set: 0,0ms
[2020-07-10T09:37:48.238+0300][gc,phases    ] GC(0)   Evacuate Collection Set: 27,7ms
[2020-07-10T09:37:48.238+0300][gc,phases    ] GC(0)   Post Evacuate Collection Set: 0,5ms
[2020-07-10T09:37:48.238+0300][gc,phases    ] GC(0)   Other: 0,2ms
[2020-07-10T09:37:48.238+0300][gc,heap      ] GC(0) Eden regions: 51->0(44)
[2020-07-10T09:37:48.238+0300][gc,heap      ] GC(0) Survivor regions: 0->7(7)
[2020-07-10T09:37:48.238+0300][gc,heap      ] GC(0) Old regions: 0->0
[2020-07-10T09:37:48.238+0300][gc,heap      ] GC(0) Humongous regions: 0->0
[2020-07-10T09:37:48.238+0300][gc,metaspace ] GC(0) Metaspace: 16182K->16182K(1062912K)
[2020-07-10T09:37:48.238+0300][gc           ] GC(0) Pause Young (Normal) (G1 Evacuation Pause) 51M->6M(1024M) 28,601ms
[2020-07-10T09:37:48.238+0300][gc,cpu       ] GC(0) User=0,02s Sys=0,00s Real=0,02s
[2020-07-10T09:37:49.478+0300][gc,start     ] GC(1) Pause Young (Concurrent Start) (Metadata GC Threshold)
[2020-07-10T09:37:49.478+0300][gc,task      ] GC(1) Using 1 workers of 1 for evacuation
[2020-07-10T09:37:49.529+0300][gc,mmu       ] GC(1) MMU target violated: 21,0ms (20,0ms/21,0ms)
[2020-07-10T09:37:49.529+0300][gc,phases    ] GC(1)   Pre Evacuate Collection Set: 0,0ms
[2020-07-10T09:37:49.529+0300][gc,phases    ] GC(1)   Evacuate Collection Set: 50,6ms
[2020-07-10T09:37:49.529+0300][gc,phases    ] GC(1)   Post Evacuate Collection Set: 0,2ms
[2020-07-10T09:37:49.529+0300][gc,phases    ] GC(1)   Other: 0,2ms
[2020-07-10T09:37:49.529+0300][gc,heap      ] GC(1) Eden regions: 19->0(49)
[2020-07-10T09:37:49.529+0300][gc,heap      ] GC(1) Survivor regions: 7->2(7)
[2020-07-10T09:37:49.529+0300][gc,heap      ] GC(1) Old regions: 0->7
[2020-07-10T09:37:49.529+0300][gc,heap      ] GC(1) Humongous regions: 129->129
[2020-07-10T09:37:49.529+0300][gc,metaspace ] GC(1) Metaspace: 20497K->20497K(1067008K)
[2020-07-10T09:37:49.529+0300][gc           ] GC(1) Pause Young (Concurrent Start) (Metadata GC Threshold) 154M->136M(1024M) 51,156ms
[2020-07-10T09:37:49.529+0300][gc,cpu       ] GC(1) User=0,00s Sys=0,02s Real=0,06s
[2020-07-10T09:37:49.529+0300][gc           ] GC(2) Concurrent Cycle
[2020-07-10T09:37:49.529+0300][gc,marking   ] GC(2) Concurrent Clear Claimed Marks
[2020-07-10T09:37:49.529+0300][gc,marking   ] GC(2) Concurrent Clear Claimed Marks 0,028ms
[2020-07-10T09:37:49.529+0300][gc,marking   ] GC(2) Concurrent Scan Root Regions
[2020-07-10T09:37:49.594+0300][gc,marking   ] GC(2) Concurrent Scan Root Regions 64,652ms
[2020-07-10T09:37:49.594+0300][gc,marking   ] GC(2) Concurrent Mark (4,667s)
[2020-07-10T09:37:49.594+0300][gc,marking   ] GC(2) Concurrent Mark From Roots
[2020-07-10T09:37:49.594+0300][gc,task      ] GC(2) Using 1 workers of 1 for marking
[2020-07-10T09:37:49.661+0300][gc,marking   ] GC(2) Concurrent Mark From Roots 67,488ms
[2020-07-10T09:37:49.661+0300][gc,marking   ] GC(2) Concurrent Preclean
[2020-07-10T09:37:49.661+0300][gc,marking   ] GC(2) Concurrent Preclean 0,069ms
[2020-07-10T09:37:49.661+0300][gc,marking   ] GC(2) Concurrent Mark (4,667s, 4,735s) 67,607ms
[2020-07-10T09:37:49.664+0300][gc,start     ] GC(2) Pause Remark
[2020-07-10T09:37:49.668+0300][gc,stringtable] GC(2) Cleaned string and symbol table, strings: 9140 processed, 0 removed, symbols: 50142 processed, 51 removed
[2020-07-10T09:37:49.668+0300][gc            ] GC(2) Pause Remark 138M->138M(1024M) 3,817ms
[2020-07-10T09:37:49.668+0300][gc,cpu        ] GC(2) User=0,00s Sys=0,00s Real=0,01s
[2020-07-10T09:37:49.668+0300][gc,marking    ] GC(2) Concurrent Rebuild Remembered Sets
[2020-07-10T09:37:49.693+0300][gc,marking    ] GC(2) Concurrent Rebuild Remembered Sets 24,454ms
[2020-07-10T09:37:49.695+0300][gc,start      ] GC(2) Pause Cleanup
[2020-07-10T09:37:49.696+0300][gc            ] GC(2) Pause Cleanup 138M->138M(1024M) 0,261ms
[2020-07-10T09:37:49.696+0300][gc,cpu        ] GC(2) User=0,01s Sys=0,00s Real=0,00s
[2020-07-10T09:37:49.696+0300][gc,marking    ] GC(2) Concurrent Cleanup for Next Mark
[2020-07-10T09:37:49.703+0300][gc,marking    ] GC(2) Concurrent Cleanup for Next Mark 7,671ms
[2020-07-10T09:37:49.703+0300][gc            ] GC(2) Concurrent Cycle 174,428ms
[2020-07-10T09:37:51.499+0300][gc,start      ] GC(3) Pause Young (Normal) (G1 Evacuation Pause)
[2020-07-10T09:37:51.499+0300][gc,task       ] GC(3) Using 1 workers of 1 for evacuation
[2020-07-10T09:37:51.511+0300][gc,phases     ] GC(3)   Pre Evacuate Collection Set: 0,0ms
[2020-07-10T09:37:51.511+0300][gc,phases     ] GC(3)   Evacuate Collection Set: 12,4ms
[2020-07-10T09:37:51.511+0300][gc,phases     ] GC(3)   Post Evacuate Collection Set: 0,3ms
[2020-07-10T09:37:51.511+0300][gc,phases     ] GC(3)   Other: 0,1ms
[2020-07-10T09:37:51.511+0300][gc,heap       ] GC(3) Eden regions: 49->0(46)
[2020-07-10T09:37:51.511+0300][gc,heap       ] GC(3) Survivor regions: 2->5(7)
[2020-07-10T09:37:51.511+0300][gc,heap       ] GC(3) Old regions: 7->7
[2020-07-10T09:37:51.511+0300][gc,heap       ] GC(3) Humongous regions: 129->129
[2020-07-10T09:37:51.511+0300][gc,metaspace  ] GC(3) Metaspace: 29877K->29877K(1077248K)
[2020-07-10T09:37:51.511+0300][gc            ] GC(3) Pause Young (Normal) (G1 Evacuation Pause) 185M->140M(1024M) 12,852ms
[2020-07-10T09:37:51.511+0300][gc,cpu        ] GC(3) User=0,01s Sys=0,00s Real=0,02s
[2020-07-10T09:38:07.236+0300][gc,start      ] GC(4) Pause Young (Concurrent Start) (Metadata GC Threshold)
[2020-07-10T09:38:07.236+0300][gc,task       ] GC(4) Using 1 workers of 1 for evacuation
[2020-07-10T09:38:07.280+0300][gc,mmu        ] GC(4) MMU target violated: 21,0ms (20,0ms/21,0ms)
[2020-07-10T09:38:07.280+0300][gc,phases     ] GC(4)   Pre Evacuate Collection Set: 0,1ms
[2020-07-10T09:38:07.280+0300][gc,phases     ] GC(4)   Evacuate Collection Set: 42,5ms
[2020-07-10T09:38:07.280+0300][gc,phases     ] GC(4)   Post Evacuate Collection Set: 1,3ms
[2020-07-10T09:38:07.280+0300][gc,phases     ] GC(4)   Other: 0,2ms
[2020-07-10T09:38:07.280+0300][gc,heap       ] GC(4) Eden regions: 21->0(50)
[2020-07-10T09:38:07.280+0300][gc,heap       ] GC(4) Survivor regions: 5->1(7)
[2020-07-10T09:38:07.280+0300][gc,heap       ] GC(4) Old regions: 7->12
[2020-07-10T09:38:07.280+0300][gc,heap       ] GC(4) Humongous regions: 129->129
[2020-07-10T09:38:07.280+0300][gc,metaspace  ] GC(4) Metaspace: 34401K->34401K(1079296K)
[2020-07-10T09:38:07.280+0300][gc            ] GC(4) Pause Young (Concurrent Start) (Metadata GC Threshold) 160M->141M(1024M) 44,083ms
[2020-07-10T09:38:07.280+0300][gc,cpu        ] GC(4) User=0,01s Sys=0,00s Real=0,05s
[2020-07-10T09:38:07.280+0300][gc            ] GC(5) Concurrent Cycle
[2020-07-10T09:38:07.280+0300][gc,marking    ] GC(5) Concurrent Clear Claimed Marks
[2020-07-10T09:38:07.280+0300][gc,marking    ] GC(5) Concurrent Clear Claimed Marks 0,094ms
[2020-07-10T09:38:07.280+0300][gc,marking    ] GC(5) Concurrent Scan Root Regions
[2020-07-10T09:38:07.283+0300][gc,marking    ] GC(5) Concurrent Scan Root Regions 3,147ms
[2020-07-10T09:38:07.283+0300][gc,marking    ] GC(5) Concurrent Mark (22,357s)
[2020-07-10T09:38:07.283+0300][gc,marking    ] GC(5) Concurrent Mark From Roots
[2020-07-10T09:38:07.283+0300][gc,task       ] GC(5) Using 1 workers of 1 for marking
[2020-07-10T09:38:07.367+0300][gc,marking    ] GC(5) Concurrent Mark From Roots 83,151ms
[2020-07-10T09:38:07.367+0300][gc,marking    ] GC(5) Concurrent Preclean
[2020-07-10T09:38:07.367+0300][gc,marking    ] GC(5) Concurrent Preclean 0,068ms
[2020-07-10T09:38:07.367+0300][gc,marking    ] GC(5) Concurrent Mark (22,357s, 22,440s) 83,257ms
[2020-07-10T09:38:07.367+0300][gc,start      ] GC(5) Pause Remark
[2020-07-10T09:38:07.373+0300][gc,stringtable] GC(5) Cleaned string and symbol table, strings: 14669 processed, 11 removed, symbols: 79114 processed, 29 removed
[2020-07-10T09:38:07.373+0300][gc            ] GC(5) Pause Remark 142M->142M(1024M) 6,274ms
[2020-07-10T09:38:07.373+0300][gc,cpu        ] GC(5) User=0,01s Sys=0,00s Real=0,01s
[2020-07-10T09:38:07.373+0300][gc,marking    ] GC(5) Concurrent Rebuild Remembered Sets
[2020-07-10T09:38:07.395+0300][gc,marking    ] GC(5) Concurrent Rebuild Remembered Sets 21,981ms
[2020-07-10T09:38:07.395+0300][gc,start      ] GC(5) Pause Cleanup
[2020-07-10T09:38:07.396+0300][gc            ] GC(5) Pause Cleanup 142M->142M(1024M) 0,312ms
[2020-07-10T09:38:07.396+0300][gc,cpu        ] GC(5) User=0,00s Sys=0,00s Real=0,00s
[2020-07-10T09:38:07.396+0300][gc,marking    ] GC(5) Concurrent Cleanup for Next Mark
[2020-07-10T09:38:07.407+0300][gc,marking    ] GC(5) Concurrent Cleanup for Next Mark 11,115ms
[2020-07-10T09:38:07.407+0300][gc            ] GC(5) Concurrent Cycle 126,707ms
[2020-07-10T09:44:19.183+0300][gc,start      ] GC(6) Pause Young (Normal) (G1 Evacuation Pause)
[2020-07-10T09:44:19.203+0300][gc,task       ] GC(6) Using 1 workers of 1 for evacuation
[2020-07-10T09:44:19.237+0300][gc,mmu        ] GC(6) MMU target violated: 21,0ms (20,0ms/21,0ms)
[2020-07-10T09:44:19.237+0300][gc,phases     ] GC(6)   Pre Evacuate Collection Set: 0,0ms
[2020-07-10T09:44:19.237+0300][gc,phases     ] GC(6)   Evacuate Collection Set: 32,0ms
[2020-07-10T09:44:19.237+0300][gc,phases     ] GC(6)   Post Evacuate Collection Set: 1,3ms
[2020-07-10T09:44:19.237+0300][gc,phases     ] GC(6)   Other: 20,7ms
[2020-07-10T09:44:19.237+0300][gc,heap       ] GC(6) Eden regions: 50->0(48)
[2020-07-10T09:44:19.237+0300][gc,heap       ] GC(6) Survivor regions: 1->3(7)
[2020-07-10T09:44:19.237+0300][gc,heap       ] GC(6) Old regions: 12->12
[2020-07-10T09:44:19.237+0300][gc,heap       ] GC(6) Humongous regions: 129->129
[2020-07-10T09:44:19.237+0300][gc,metaspace  ] GC(6) Metaspace: 37937K->37937K(1083392K)
[2020-07-10T09:44:19.237+0300][gc            ] GC(6) Pause Young (Normal) (G1 Evacuation Pause) 191M->143M(1024M) 54,098ms
[2020-07-10T09:44:19.237+0300][gc,cpu        ] GC(6) User=0,02s Sys=0,00s Real=0,05s
[2020-07-10T10:04:34.968+0300][gc,start      ] GC(7) Pause Young (Normal) (G1 Evacuation Pause)
[2020-07-10T10:04:35.009+0300][gc,task       ] GC(7) Using 1 workers of 1 for evacuation
[2020-07-10T10:04:35.432+0300][gc,mmu        ] GC(7) MMU target violated: 21,0ms (20,0ms/21,0ms)
[2020-07-10T10:04:35.432+0300][gc,phases     ] GC(7)   Pre Evacuate Collection Set: 0,7ms
[2020-07-10T10:04:35.432+0300][gc,phases     ] GC(7)   Evacuate Collection Set: 65,6ms
[2020-07-10T10:04:35.432+0300][gc,phases     ] GC(7)   Post Evacuate Collection Set: 340,0ms
[2020-07-10T10:04:35.432+0300][gc,phases     ] GC(7)   Other: 69,1ms
[2020-07-10T10:04:35.432+0300][gc,heap       ] GC(7) Eden regions: 48->0(47)
[2020-07-10T10:04:35.432+0300][gc,heap       ] GC(7) Survivor regions: 3->4(7)
[2020-07-10T10:04:35.432+0300][gc,heap       ] GC(7) Old regions: 12->12
[2020-07-10T10:04:35.432+0300][gc,heap       ] GC(7) Humongous regions: 129->129
[2020-07-10T10:04:35.432+0300][gc,metaspace  ] GC(7) Metaspace: 38615K->38615K(1083392K)
[2020-07-10T10:04:35.441+0300][gc            ] GC(7) Pause Young (Normal) (G1 Evacuation Pause) 191M->143M(1024M) 466,267ms
[2020-07-10T10:04:35.441+0300][gc,cpu        ] GC(7) User=0,01s Sys=0,00s Real=0,48s
[2020-07-10T10:27:34.520+0300][gc,start      ] GC(8) Pause Young (Normal) (G1 Evacuation Pause)
[2020-07-10T10:27:34.533+0300][gc,task       ] GC(8) Using 1 workers of 1 for evacuation
[2020-07-10T10:27:34.621+0300][gc,mmu        ] GC(8) MMU target violated: 21,0ms (20,0ms/21,0ms)
[2020-07-10T10:27:34.621+0300][gc,phases     ] GC(8)   Pre Evacuate Collection Set: 0,0ms
[2020-07-10T10:27:34.621+0300][gc,phases     ] GC(8)   Evacuate Collection Set: 80,7ms
[2020-07-10T10:27:34.621+0300][gc,phases     ] GC(8)   Post Evacuate Collection Set: 7,0ms
[2020-07-10T10:27:34.621+0300][gc,phases     ] GC(8)   Other: 14,2ms
[2020-07-10T10:27:34.632+0300][gc,heap       ] GC(8) Eden regions: 47->0(47)
[2020-07-10T10:27:34.632+0300][gc,heap       ] GC(8) Survivor regions: 4->4(7)
[2020-07-10T10:27:34.632+0300][gc,heap       ] GC(8) Old regions: 12->12
[2020-07-10T10:27:34.632+0300][gc,heap       ] GC(8) Humongous regions: 129->129
[2020-07-10T10:27:34.632+0300][gc,metaspace  ] GC(8) Metaspace: 38693K->38693K(1083392K)
[2020-07-10T10:27:34.632+0300][gc            ] GC(8) Pause Young (Normal) (G1 Evacuation Pause) 190M->143M(1024M) 111,972ms
[2020-07-10T10:27:34.632+0300][gc,cpu        ] GC(8) User=0,03s Sys=0,00s Real=0,11s
[2020-07-10T10:45:11.774+0300][gc,start      ] GC(9) Pause Young (Normal) (G1 Evacuation Pause)
[2020-07-10T10:45:11.798+0300][gc,task       ] GC(9) Using 1 workers of 1 for evacuation
[2020-07-10T10:45:11.898+0300][gc,mmu        ] GC(9) MMU target violated: 21,0ms (20,0ms/21,0ms)
[2020-07-10T10:45:11.898+0300][gc,phases     ] GC(9)   Pre Evacuate Collection Set: 0,4ms
[2020-07-10T10:45:11.898+0300][gc,phases     ] GC(9)   Evacuate Collection Set: 63,5ms
[2020-07-10T10:45:11.898+0300][gc,phases     ] GC(9)   Post Evacuate Collection Set: 19,5ms
[2020-07-10T10:45:11.898+0300][gc,phases     ] GC(9)   Other: 44,5ms
[2020-07-10T10:45:11.898+0300][gc,heap       ] GC(9) Eden regions: 47->0(47)
[2020-07-10T10:45:11.898+0300][gc,heap       ] GC(9) Survivor regions: 4->4(7)
[2020-07-10T10:45:11.898+0300][gc,heap       ] GC(9) Old regions: 12->12
[2020-07-10T10:45:11.898+0300][gc,heap       ] GC(9) Humongous regions: 129->129
[2020-07-10T10:45:11.899+0300][gc,metaspace  ] GC(9) Metaspace: 39008K->39008K(1085440K)
[2020-07-10T10:45:11.899+0300][gc            ] GC(9) Pause Young (Normal) (G1 Evacuation Pause) 190M->143M(1024M) 128,300ms
[2020-07-10T10:45:11.899+0300][gc,cpu        ] GC(9) User=0,02s Sys=0,00s Real=0,12s
