[2020-07-09T15:07:59.294+0300][gc,heap] Heap region size: 1M
[2020-07-09T15:07:59.302+0300][gc     ] Using G1
[2020-07-09T15:07:59.302+0300][gc,heap,coops] Heap address: 0x00000000c0000000, size: 1024 MB, Compressed Oops mode: 32-bit
[2020-07-09T15:08:01.993+0300][gc,start     ] GC(0) Pause Young (Normal) (G1 Evacuation Pause)
[2020-07-09T15:08:01.993+0300][gc,task      ] GC(0) Using 1 workers of 1 for evacuation
[2020-07-09T15:08:02.020+0300][gc,mmu       ] GC(0) MMU target violated: 21,0ms (20,0ms/21,0ms)
[2020-07-09T15:08:02.020+0300][gc,phases    ] GC(0)   Pre Evacuate Collection Set: 0,1ms
[2020-07-09T15:08:02.020+0300][gc,phases    ] GC(0)   Evacuate Collection Set: 26,2ms
[2020-07-09T15:08:02.020+0300][gc,phases    ] GC(0)   Post Evacuate Collection Set: 0,4ms
[2020-07-09T15:08:02.020+0300][gc,phases    ] GC(0)   Other: 0,3ms
[2020-07-09T15:08:02.020+0300][gc,heap      ] GC(0) Eden regions: 51->0(44)
[2020-07-09T15:08:02.020+0300][gc,heap      ] GC(0) Survivor regions: 0->7(7)
[2020-07-09T15:08:02.020+0300][gc,heap      ] GC(0) Old regions: 0->0
[2020-07-09T15:08:02.020+0300][gc,heap      ] GC(0) Humongous regions: 0->0
[2020-07-09T15:08:02.020+0300][gc,metaspace ] GC(0) Metaspace: 16191K->16191K(1062912K)
[2020-07-09T15:08:02.020+0300][gc           ] GC(0) Pause Young (Normal) (G1 Evacuation Pause) 51M->6M(1024M) 26,969ms
[2020-07-09T15:08:02.020+0300][gc,cpu       ] GC(0) User=0,01s Sys=0,00s Real=0,02s
[2020-07-09T15:08:03.107+0300][gc,start     ] GC(1) Pause Young (Concurrent Start) (Metadata GC Threshold)
[2020-07-09T15:08:03.107+0300][gc,task      ] GC(1) Using 1 workers of 1 for evacuation
[2020-07-09T15:08:03.124+0300][gc,phases    ] GC(1)   Pre Evacuate Collection Set: 0,0ms
[2020-07-09T15:08:03.124+0300][gc,phases    ] GC(1)   Evacuate Collection Set: 16,9ms
[2020-07-09T15:08:03.124+0300][gc,phases    ] GC(1)   Post Evacuate Collection Set: 0,2ms
[2020-07-09T15:08:03.125+0300][gc,phases    ] GC(1)   Other: 0,2ms
[2020-07-09T15:08:03.125+0300][gc,heap      ] GC(1) Eden regions: 19->0(49)
[2020-07-09T15:08:03.125+0300][gc,heap      ] GC(1) Survivor regions: 7->2(7)
[2020-07-09T15:08:03.125+0300][gc,heap      ] GC(1) Old regions: 0->7
[2020-07-09T15:08:03.125+0300][gc,heap      ] GC(1) Humongous regions: 129->129
[2020-07-09T15:08:03.125+0300][gc,metaspace ] GC(1) Metaspace: 20549K->20549K(1067008K)
[2020-07-09T15:08:03.125+0300][gc           ] GC(1) Pause Young (Concurrent Start) (Metadata GC Threshold) 154M->137M(1024M) 17,405ms
[2020-07-09T15:08:03.125+0300][gc,cpu       ] GC(1) User=0,01s Sys=0,01s Real=0,02s
[2020-07-09T15:08:03.125+0300][gc           ] GC(2) Concurrent Cycle
[2020-07-09T15:08:03.125+0300][gc,marking   ] GC(2) Concurrent Clear Claimed Marks
[2020-07-09T15:08:03.125+0300][gc,marking   ] GC(2) Concurrent Clear Claimed Marks 0,028ms
[2020-07-09T15:08:03.125+0300][gc,marking   ] GC(2) Concurrent Scan Root Regions
[2020-07-09T15:08:03.126+0300][gc,marking   ] GC(2) Concurrent Scan Root Regions 1,226ms
[2020-07-09T15:08:03.126+0300][gc,marking   ] GC(2) Concurrent Mark (3,836s)
[2020-07-09T15:08:03.126+0300][gc,marking   ] GC(2) Concurrent Mark From Roots
[2020-07-09T15:08:03.126+0300][gc,task      ] GC(2) Using 1 workers of 1 for marking
[2020-07-09T15:08:03.172+0300][gc,marking   ] GC(2) Concurrent Mark From Roots 45,899ms
[2020-07-09T15:08:03.172+0300][gc,marking   ] GC(2) Concurrent Preclean
[2020-07-09T15:08:03.172+0300][gc,marking   ] GC(2) Concurrent Preclean 0,068ms
[2020-07-09T15:08:03.172+0300][gc,marking   ] GC(2) Concurrent Mark (3,836s, 3,882s) 46,007ms
[2020-07-09T15:08:03.172+0300][gc,start     ] GC(2) Pause Remark
[2020-07-09T15:08:03.177+0300][gc,stringtable] GC(2) Cleaned string and symbol table, strings: 9091 processed, 0 removed, symbols: 50766 processed, 48 removed
[2020-07-09T15:08:03.177+0300][gc            ] GC(2) Pause Remark 139M->139M(1024M) 4,257ms
[2020-07-09T15:08:03.177+0300][gc,cpu        ] GC(2) User=0,01s Sys=0,00s Real=0,00s
[2020-07-09T15:08:03.177+0300][gc,marking    ] GC(2) Concurrent Rebuild Remembered Sets
[2020-07-09T15:08:03.194+0300][gc,marking    ] GC(2) Concurrent Rebuild Remembered Sets 17,125ms
[2020-07-09T15:08:03.194+0300][gc,start      ] GC(2) Pause Cleanup
[2020-07-09T15:08:03.194+0300][gc            ] GC(2) Pause Cleanup 140M->140M(1024M) 0,268ms
[2020-07-09T15:08:03.194+0300][gc,cpu        ] GC(2) User=0,00s Sys=0,00s Real=0,00s
[2020-07-09T15:08:03.194+0300][gc,marking    ] GC(2) Concurrent Cleanup for Next Mark
[2020-07-09T15:08:03.212+0300][gc,marking    ] GC(2) Concurrent Cleanup for Next Mark 18,051ms
[2020-07-09T15:08:03.212+0300][gc            ] GC(2) Concurrent Cycle 87,336ms
[2020-07-09T15:08:05.678+0300][gc,start      ] GC(3) Pause Young (Concurrent Start) (G1 Evacuation Pause)
[2020-07-09T15:08:05.678+0300][gc,task       ] GC(3) Using 1 workers of 1 for evacuation
[2020-07-09T15:08:05.718+0300][gc,mmu        ] GC(3) MMU target violated: 21,0ms (20,0ms/21,0ms)
[2020-07-09T15:08:05.718+0300][gc,phases     ] GC(3)   Pre Evacuate Collection Set: 0,1ms
[2020-07-09T15:08:05.718+0300][gc,phases     ] GC(3)   Evacuate Collection Set: 39,2ms
[2020-07-09T15:08:05.718+0300][gc,phases     ] GC(3)   Post Evacuate Collection Set: 0,3ms
[2020-07-09T15:08:05.718+0300][gc,phases     ] GC(3)   Other: 0,2ms
[2020-07-09T15:08:05.718+0300][gc,heap       ] GC(3) Eden regions: 49->0(46)
[2020-07-09T15:08:05.718+0300][gc,heap       ] GC(3) Survivor regions: 2->5(7)
[2020-07-09T15:08:05.718+0300][gc,heap       ] GC(3) Old regions: 7->7
[2020-07-09T15:08:05.718+0300][gc,heap       ] GC(3) Humongous regions: 129->129
[2020-07-09T15:08:05.718+0300][gc,metaspace  ] GC(3) Metaspace: 29793K->29793K(1075200K)
[2020-07-09T15:08:05.718+0300][gc            ] GC(3) Pause Young (Concurrent Start) (G1 Evacuation Pause) 186M->140M(1024M) 39,870ms
[2020-07-09T15:08:05.718+0300][gc,cpu        ] GC(3) User=0,02s Sys=0,00s Real=0,04s
[2020-07-09T15:08:05.718+0300][gc            ] GC(4) Concurrent Cycle
[2020-07-09T15:08:05.718+0300][gc,marking    ] GC(4) Concurrent Clear Claimed Marks
[2020-07-09T15:08:05.722+0300][gc,marking    ] GC(4) Concurrent Clear Claimed Marks 4,221ms
[2020-07-09T15:08:05.722+0300][gc,marking    ] GC(4) Concurrent Scan Root Regions
[2020-07-09T15:08:05.741+0300][gc,marking    ] GC(4) Concurrent Scan Root Regions 18,616ms
[2020-07-09T15:08:05.741+0300][gc,marking    ] GC(4) Concurrent Mark (6,450s)
[2020-07-09T15:08:05.741+0300][gc,marking    ] GC(4) Concurrent Mark From Roots
[2020-07-09T15:08:05.741+0300][gc,task       ] GC(4) Using 1 workers of 1 for marking
[2020-07-09T15:08:05.786+0300][gc,marking    ] GC(4) Concurrent Mark From Roots 45,408ms
[2020-07-09T15:08:05.786+0300][gc,marking    ] GC(4) Concurrent Preclean
[2020-07-09T15:08:05.786+0300][gc,marking    ] GC(4) Concurrent Preclean 0,096ms
[2020-07-09T15:08:05.786+0300][gc,marking    ] GC(4) Concurrent Mark (6,450s, 6,496s) 45,552ms
[2020-07-09T15:08:05.787+0300][gc,start      ] GC(4) Pause Remark
[2020-07-09T15:08:05.799+0300][gc,stringtable] GC(4) Cleaned string and symbol table, strings: 14158 processed, 11 removed, symbols: 73406 processed, 26 removed
[2020-07-09T15:08:05.799+0300][gc            ] GC(4) Pause Remark 142M->142M(1024M) 12,882ms
[2020-07-09T15:08:05.800+0300][gc,cpu        ] GC(4) User=0,01s Sys=0,00s Real=0,01s
[2020-07-09T15:08:05.800+0300][gc,marking    ] GC(4) Concurrent Rebuild Remembered Sets
[2020-07-09T15:08:05.827+0300][gc,marking    ] GC(4) Concurrent Rebuild Remembered Sets 26,919ms
[2020-07-09T15:08:05.828+0300][gc,start      ] GC(4) Pause Cleanup
[2020-07-09T15:08:05.828+0300][gc            ] GC(4) Pause Cleanup 142M->142M(1024M) 0,302ms
[2020-07-09T15:08:05.829+0300][gc,cpu        ] GC(4) User=0,00s Sys=0,00s Real=0,00s
[2020-07-09T15:08:05.829+0300][gc,marking    ] GC(4) Concurrent Cleanup for Next Mark
[2020-07-09T15:08:05.866+0300][gc,marking    ] GC(4) Concurrent Cleanup for Next Mark 37,491ms
[2020-07-09T15:08:05.866+0300][gc            ] GC(4) Concurrent Cycle 148,475ms
[2020-07-09T15:19:39.550+0300][gc,start      ] GC(5) Pause Young (Normal) (G1 Evacuation Pause)
[2020-07-09T15:19:39.554+0300][gc,task       ] GC(5) Using 1 workers of 1 for evacuation
[2020-07-09T15:19:39.574+0300][gc,mmu        ] GC(5) MMU target violated: 20,2ms (20,0ms/21,0ms)
[2020-07-09T15:19:39.574+0300][gc,phases     ] GC(5)   Pre Evacuate Collection Set: 0,0ms
[2020-07-09T15:19:39.574+0300][gc,phases     ] GC(5)   Evacuate Collection Set: 19,7ms
[2020-07-09T15:19:39.574+0300][gc,phases     ] GC(5)   Post Evacuate Collection Set: 0,4ms
[2020-07-09T15:19:39.574+0300][gc,phases     ] GC(5)   Other: 4,0ms
[2020-07-09T15:19:39.574+0300][gc,heap       ] GC(5) Eden regions: 46->0(48)
[2020-07-09T15:19:39.574+0300][gc,heap       ] GC(5) Survivor regions: 5->3(7)
[2020-07-09T15:19:39.574+0300][gc,heap       ] GC(5) Old regions: 7->12
[2020-07-09T15:19:39.574+0300][gc,heap       ] GC(5) Humongous regions: 129->129
[2020-07-09T15:19:39.574+0300][gc,metaspace  ] GC(5) Metaspace: 35933K->35933K(1081344K)
[2020-07-09T15:19:39.574+0300][gc            ] GC(5) Pause Young (Normal) (G1 Evacuation Pause) 186M->142M(1024M) 24,168ms
[2020-07-09T15:19:39.574+0300][gc,cpu        ] GC(5) User=0,02s Sys=0,00s Real=0,02s
[2020-07-09T15:23:38.941+0300][gc,heap,exit  ] Heap
[2020-07-09T15:23:38.941+0300][gc,heap,exit  ]  garbage-first heap   total 1048576K, used 164637K [0x00000000c0000000, 0x0000000100000000)
[2020-07-09T15:23:38.941+0300][gc,heap,exit  ]   region size 1024K, 22 young (22528K), 3 survivors (3072K)
[2020-07-09T15:23:38.941+0300][gc,heap,exit  ]  Metaspace       used 36794K, capacity 38544K, committed 38908K, reserved 1083392K
[2020-07-09T15:23:38.941+0300][gc,heap,exit  ]   class space    used 4723K, capacity 5515K, committed 5628K, reserved 1048576K
