[2020-07-09T15:32:35.903+0300][gc,heap] Heap region size: 1M
[2020-07-09T15:32:35.914+0300][gc     ] Using G1
[2020-07-09T15:32:35.914+0300][gc,heap,coops] Heap address: 0x00000000c0000000, size: 1024 MB, Compressed Oops mode: 32-bit
[2020-07-09T15:32:39.374+0300][gc,start     ] GC(0) Pause Young (Normal) (G1 Evacuation Pause)
[2020-07-09T15:32:39.374+0300][gc,task      ] GC(0) Using 1 workers of 1 for evacuation
[2020-07-09T15:32:39.392+0300][gc,phases    ] GC(0)   Pre Evacuate Collection Set: 0,0ms
[2020-07-09T15:32:39.392+0300][gc,phases    ] GC(0)   Evacuate Collection Set: 14,0ms
[2020-07-09T15:32:39.392+0300][gc,phases    ] GC(0)   Post Evacuate Collection Set: 3,8ms
[2020-07-09T15:32:39.392+0300][gc,phases    ] GC(0)   Other: 0,1ms
[2020-07-09T15:32:39.392+0300][gc,heap      ] GC(0) Eden regions: 51->0(44)
[2020-07-09T15:32:39.392+0300][gc,heap      ] GC(0) Survivor regions: 0->7(7)
[2020-07-09T15:32:39.392+0300][gc,heap      ] GC(0) Old regions: 0->0
[2020-07-09T15:32:39.392+0300][gc,heap      ] GC(0) Humongous regions: 0->0
[2020-07-09T15:32:39.392+0300][gc,metaspace ] GC(0) Metaspace: 16035K->16035K(1062912K)
[2020-07-09T15:32:39.392+0300][gc           ] GC(0) Pause Young (Normal) (G1 Evacuation Pause) 51M->6M(1024M) 18,086ms
[2020-07-09T15:32:39.392+0300][gc,cpu       ] GC(0) User=0,01s Sys=0,00s Real=0,02s
[2020-07-09T15:32:40.458+0300][gc,start     ] GC(1) Pause Young (Concurrent Start) (Metadata GC Threshold)
[2020-07-09T15:32:40.458+0300][gc,task      ] GC(1) Using 1 workers of 1 for evacuation
[2020-07-09T15:32:40.474+0300][gc,phases    ] GC(1)   Pre Evacuate Collection Set: 0,0ms
[2020-07-09T15:32:40.474+0300][gc,phases    ] GC(1)   Evacuate Collection Set: 15,4ms
[2020-07-09T15:32:40.474+0300][gc,phases    ] GC(1)   Post Evacuate Collection Set: 0,3ms
[2020-07-09T15:32:40.474+0300][gc,phases    ] GC(1)   Other: 0,2ms
[2020-07-09T15:32:40.474+0300][gc,heap      ] GC(1) Eden regions: 19->0(50)
[2020-07-09T15:32:40.474+0300][gc,heap      ] GC(1) Survivor regions: 7->1(7)
[2020-07-09T15:32:40.474+0300][gc,heap      ] GC(1) Old regions: 0->7
[2020-07-09T15:32:40.474+0300][gc,heap      ] GC(1) Humongous regions: 0->0
[2020-07-09T15:32:40.474+0300][gc,metaspace ] GC(1) Metaspace: 20561K->20561K(1067008K)
[2020-07-09T15:32:40.474+0300][gc           ] GC(1) Pause Young (Concurrent Start) (Metadata GC Threshold) 24M->7M(1024M) 15,954ms
[2020-07-09T15:32:40.474+0300][gc,cpu       ] GC(1) User=0,01s Sys=0,01s Real=0,02s
[2020-07-09T15:32:40.475+0300][gc           ] GC(2) Concurrent Cycle
[2020-07-09T15:32:40.475+0300][gc,marking   ] GC(2) Concurrent Clear Claimed Marks
[2020-07-09T15:32:40.475+0300][gc,marking   ] GC(2) Concurrent Clear Claimed Marks 0,031ms
[2020-07-09T15:32:40.475+0300][gc,marking   ] GC(2) Concurrent Scan Root Regions
[2020-07-09T15:32:40.477+0300][gc,marking   ] GC(2) Concurrent Scan Root Regions 2,530ms
[2020-07-09T15:32:40.477+0300][gc,marking   ] GC(2) Concurrent Mark (4,580s)
[2020-07-09T15:32:40.477+0300][gc,marking   ] GC(2) Concurrent Mark From Roots
[2020-07-09T15:32:40.477+0300][gc,task      ] GC(2) Using 1 workers of 1 for marking
[2020-07-09T15:32:40.517+0300][gc,marking   ] GC(2) Concurrent Mark From Roots 39,703ms
[2020-07-09T15:32:40.517+0300][gc,marking   ] GC(2) Concurrent Preclean
[2020-07-09T15:32:40.517+0300][gc,marking   ] GC(2) Concurrent Preclean 0,081ms
[2020-07-09T15:32:40.517+0300][gc,marking   ] GC(2) Concurrent Mark (4,580s, 4,620s) 39,825ms
[2020-07-09T15:32:40.520+0300][gc,start     ] GC(2) Pause Remark
[2020-07-09T15:32:40.526+0300][gc,stringtable] GC(2) Cleaned string and symbol table, strings: 9057 processed, 0 removed, symbols: 50941 processed, 53 removed
[2020-07-09T15:32:40.526+0300][gc            ] GC(2) Pause Remark 8M->8M(1024M) 5,449ms
[2020-07-09T15:32:40.526+0300][gc,cpu        ] GC(2) User=0,01s Sys=0,00s Real=0,00s
[2020-07-09T15:32:40.526+0300][gc,marking    ] GC(2) Concurrent Rebuild Remembered Sets
[2020-07-09T15:32:40.548+0300][gc,marking    ] GC(2) Concurrent Rebuild Remembered Sets 22,225ms
[2020-07-09T15:32:40.548+0300][gc,start      ] GC(2) Pause Cleanup
[2020-07-09T15:32:40.549+0300][gc            ] GC(2) Pause Cleanup 8M->8M(1024M) 0,282ms
[2020-07-09T15:32:40.549+0300][gc,cpu        ] GC(2) User=0,00s Sys=0,00s Real=0,00s
[2020-07-09T15:32:40.549+0300][gc,marking    ] GC(2) Concurrent Cleanup for Next Mark
[2020-07-09T15:32:40.572+0300][gc,marking    ] GC(2) Concurrent Cleanup for Next Mark 23,471ms
[2020-07-09T15:32:40.572+0300][gc            ] GC(2) Concurrent Cycle 97,379ms
[2020-07-09T15:32:42.713+0300][gc,start      ] GC(3) Pause Young (Normal) (G1 Evacuation Pause)
[2020-07-09T15:32:42.713+0300][gc,task       ] GC(3) Using 1 workers of 1 for evacuation
[2020-07-09T15:32:42.739+0300][gc,mmu        ] GC(3) MMU target violated: 21,0ms (20,0ms/21,0ms)
[2020-07-09T15:32:42.739+0300][gc,phases     ] GC(3)   Pre Evacuate Collection Set: 0,0ms
[2020-07-09T15:32:42.739+0300][gc,phases     ] GC(3)   Evacuate Collection Set: 23,9ms
[2020-07-09T15:32:42.739+0300][gc,phases     ] GC(3)   Post Evacuate Collection Set: 1,6ms
[2020-07-09T15:32:42.739+0300][gc,phases     ] GC(3)   Other: 0,2ms
[2020-07-09T15:32:42.739+0300][gc,heap       ] GC(3) Eden regions: 50->0(46)
[2020-07-09T15:32:42.739+0300][gc,heap       ] GC(3) Survivor regions: 1->5(7)
[2020-07-09T15:32:42.739+0300][gc,heap       ] GC(3) Old regions: 7->7
[2020-07-09T15:32:42.739+0300][gc,heap       ] GC(3) Humongous regions: 129->129
[2020-07-09T15:32:42.739+0300][gc,metaspace  ] GC(3) Metaspace: 28928K->28928K(1075200K)
[2020-07-09T15:32:42.739+0300][gc            ] GC(3) Pause Young (Normal) (G1 Evacuation Pause) 186M->140M(1024M) 25,749ms
[2020-07-09T15:32:42.739+0300][gc,cpu        ] GC(3) User=0,02s Sys=0,00s Real=0,02s
[2020-07-09T15:32:43.699+0300][gc,start      ] GC(4) Pause Young (Concurrent Start) (Metadata GC Threshold)
[2020-07-09T15:32:43.699+0300][gc,task       ] GC(4) Using 1 workers of 1 for evacuation
[2020-07-09T15:32:43.729+0300][gc,mmu        ] GC(4) MMU target violated: 21,0ms (20,0ms/21,0ms)
[2020-07-09T15:32:43.729+0300][gc,phases     ] GC(4)   Pre Evacuate Collection Set: 0,1ms
[2020-07-09T15:32:43.729+0300][gc,phases     ] GC(4)   Evacuate Collection Set: 30,0ms
[2020-07-09T15:32:43.729+0300][gc,phases     ] GC(4)   Post Evacuate Collection Set: 0,6ms
[2020-07-09T15:32:43.729+0300][gc,phases     ] GC(4)   Other: 0,2ms
[2020-07-09T15:32:43.729+0300][gc,heap       ] GC(4) Eden regions: 30->0(49)
[2020-07-09T15:32:43.729+0300][gc,heap       ] GC(4) Survivor regions: 5->2(7)
[2020-07-09T15:32:43.729+0300][gc,heap       ] GC(4) Old regions: 7->11
[2020-07-09T15:32:43.730+0300][gc,heap       ] GC(4) Humongous regions: 129->129
[2020-07-09T15:32:43.730+0300][gc,metaspace  ] GC(4) Metaspace: 34355K->34355K(1079296K)
[2020-07-09T15:32:43.730+0300][gc            ] GC(4) Pause Young (Concurrent Start) (Metadata GC Threshold) 170M->141M(1024M) 30,948ms
[2020-07-09T15:32:43.730+0300][gc,cpu        ] GC(4) User=0,02s Sys=0,00s Real=0,04s
[2020-07-09T15:32:43.730+0300][gc            ] GC(5) Concurrent Cycle
[2020-07-09T15:32:43.730+0300][gc,marking    ] GC(5) Concurrent Clear Claimed Marks
[2020-07-09T15:32:43.730+0300][gc,marking    ] GC(5) Concurrent Clear Claimed Marks 0,097ms
[2020-07-09T15:32:43.730+0300][gc,marking    ] GC(5) Concurrent Scan Root Regions
[2020-07-09T15:32:43.747+0300][gc,marking    ] GC(5) Concurrent Scan Root Regions 17,670ms
[2020-07-09T15:32:43.747+0300][gc,marking    ] GC(5) Concurrent Mark (7,850s)
[2020-07-09T15:32:43.747+0300][gc,marking    ] GC(5) Concurrent Mark From Roots
[2020-07-09T15:32:43.747+0300][gc,task       ] GC(5) Using 1 workers of 1 for marking
[2020-07-09T15:32:43.875+0300][gc,marking    ] GC(5) Concurrent Mark From Roots 127,927ms
[2020-07-09T15:32:43.875+0300][gc,marking    ] GC(5) Concurrent Preclean
[2020-07-09T15:32:43.875+0300][gc,marking    ] GC(5) Concurrent Preclean 0,091ms
[2020-07-09T15:32:43.875+0300][gc,marking    ] GC(5) Concurrent Mark (7,850s, 7,978s) 128,065ms
[2020-07-09T15:32:43.876+0300][gc,start      ] GC(5) Pause Remark
[2020-07-09T15:32:43.886+0300][gc,stringtable] GC(5) Cleaned string and symbol table, strings: 15290 processed, 11 removed, symbols: 78655 processed, 23 removed
[2020-07-09T15:32:43.893+0300][gc            ] GC(5) Pause Remark 143M->143M(1024M) 17,089ms
[2020-07-09T15:32:43.893+0300][gc,cpu        ] GC(5) User=0,01s Sys=0,00s Real=0,02s
[2020-07-09T15:32:43.893+0300][gc,marking    ] GC(5) Concurrent Rebuild Remembered Sets
[2020-07-09T15:32:43.940+0300][gc,marking    ] GC(5) Concurrent Rebuild Remembered Sets 46,979ms
[2020-07-09T15:32:43.940+0300][gc,start      ] GC(5) Pause Cleanup
[2020-07-09T15:32:43.940+0300][gc            ] GC(5) Pause Cleanup 144M->144M(1024M) 0,314ms
[2020-07-09T15:32:43.940+0300][gc,cpu        ] GC(5) User=0,00s Sys=0,00s Real=0,01s
[2020-07-09T15:32:43.940+0300][gc,marking    ] GC(5) Concurrent Cleanup for Next Mark
[2020-07-09T15:32:43.960+0300][gc,marking    ] GC(5) Concurrent Cleanup for Next Mark 20,078ms
[2020-07-09T15:32:43.960+0300][gc            ] GC(5) Concurrent Cycle 230,826ms
[2020-07-09T15:38:01.294+0300][gc,start      ] GC(6) Pause Young (Normal) (G1 Evacuation Pause)
[2020-07-09T15:38:01.294+0300][gc,task       ] GC(6) Using 1 workers of 1 for evacuation
[2020-07-09T15:38:01.310+0300][gc,phases     ] GC(6)   Pre Evacuate Collection Set: 0,0ms
[2020-07-09T15:38:01.310+0300][gc,phases     ] GC(6)   Evacuate Collection Set: 16,1ms
[2020-07-09T15:38:01.310+0300][gc,phases     ] GC(6)   Post Evacuate Collection Set: 0,4ms
[2020-07-09T15:38:01.310+0300][gc,phases     ] GC(6)   Other: 0,1ms
[2020-07-09T15:38:01.310+0300][gc,heap       ] GC(6) Eden regions: 49->0(46)
[2020-07-09T15:38:01.310+0300][gc,heap       ] GC(6) Survivor regions: 2->5(7)
[2020-07-09T15:38:01.310+0300][gc,heap       ] GC(6) Old regions: 11->11
[2020-07-09T15:38:01.311+0300][gc,heap       ] GC(6) Humongous regions: 165->129
[2020-07-09T15:38:01.311+0300][gc,metaspace  ] GC(6) Metaspace: 38880K->38880K(1083392K)
[2020-07-09T15:38:01.311+0300][gc            ] GC(6) Pause Young (Normal) (G1 Evacuation Pause) 226M->144M(1024M) 16,815ms
[2020-07-09T15:38:01.311+0300][gc,cpu        ] GC(6) User=0,01s Sys=0,00s Real=0,02s
[2020-07-09T15:54:27.098+0300][gc,start      ] GC(7) Pause Young (Normal) (G1 Evacuation Pause)
[2020-07-09T15:54:27.098+0300][gc,task       ] GC(7) Using 1 workers of 1 for evacuation
[2020-07-09T15:54:27.114+0300][gc,phases     ] GC(7)   Pre Evacuate Collection Set: 0,0ms
[2020-07-09T15:54:27.114+0300][gc,phases     ] GC(7)   Evacuate Collection Set: 15,4ms
[2020-07-09T15:54:27.114+0300][gc,phases     ] GC(7)   Post Evacuate Collection Set: 0,4ms
[2020-07-09T15:54:27.114+0300][gc,phases     ] GC(7)   Other: 0,2ms
[2020-07-09T15:54:27.114+0300][gc,heap       ] GC(7) Eden regions: 46->0(48)
[2020-07-09T15:54:27.114+0300][gc,heap       ] GC(7) Survivor regions: 5->3(7)
[2020-07-09T15:54:27.114+0300][gc,heap       ] GC(7) Old regions: 11->13
[2020-07-09T15:54:27.114+0300][gc,heap       ] GC(7) Humongous regions: 129->129
[2020-07-09T15:54:27.114+0300][gc,metaspace  ] GC(7) Metaspace: 39414K->39414K(1085440K)
[2020-07-09T15:54:27.114+0300][gc            ] GC(7) Pause Young (Normal) (G1 Evacuation Pause) 190M->144M(1024M) 16,028ms
[2020-07-09T15:54:27.114+0300][gc,cpu        ] GC(7) User=0,01s Sys=0,00s Real=0,02s
[2020-07-09T16:04:16.120+0300][gc,heap,exit  ] Heap
[2020-07-09T16:04:16.120+0300][gc,heap,exit  ]  garbage-first heap   total 1048576K, used 178828K [0x00000000c0000000, 0x0000000100000000)
[2020-07-09T16:04:16.120+0300][gc,heap,exit  ]   region size 1024K, 35 young (35840K), 3 survivors (3072K)
[2020-07-09T16:04:16.120+0300][gc,heap,exit  ]  Metaspace       used 39986K, capacity 42226K, committed 42316K, reserved 1085440K
[2020-07-09T16:04:16.120+0300][gc,heap,exit  ]   class space    used 5415K, capacity 6517K, committed 6528K, reserved 1048576K
