[2020-07-09T16:06:03.911+0300][gc,heap] Heap region size: 1M
[2020-07-09T16:06:03.927+0300][gc     ] Using G1
[2020-07-09T16:06:03.927+0300][gc,heap,coops] Heap address: 0x00000000c0000000, size: 1024 MB, Compressed Oops mode: 32-bit
[2020-07-09T16:06:06.889+0300][gc,start     ] GC(0) Pause Young (Normal) (G1 Evacuation Pause)
[2020-07-09T16:06:06.889+0300][gc,task      ] GC(0) Using 1 workers of 1 for evacuation
[2020-07-09T16:06:06.904+0300][gc,phases    ] GC(0)   Pre Evacuate Collection Set: 0,0ms
[2020-07-09T16:06:06.904+0300][gc,phases    ] GC(0)   Evacuate Collection Set: 14,1ms
[2020-07-09T16:06:06.904+0300][gc,phases    ] GC(0)   Post Evacuate Collection Set: 0,4ms
[2020-07-09T16:06:06.904+0300][gc,phases    ] GC(0)   Other: 0,1ms
[2020-07-09T16:06:06.904+0300][gc,heap      ] GC(0) Eden regions: 51->0(44)
[2020-07-09T16:06:06.904+0300][gc,heap      ] GC(0) Survivor regions: 0->7(7)
[2020-07-09T16:06:06.904+0300][gc,heap      ] GC(0) Old regions: 0->0
[2020-07-09T16:06:06.904+0300][gc,heap      ] GC(0) Humongous regions: 0->0
[2020-07-09T16:06:06.904+0300][gc,metaspace ] GC(0) Metaspace: 16194K->16194K(1062912K)
[2020-07-09T16:06:06.904+0300][gc           ] GC(0) Pause Young (Normal) (G1 Evacuation Pause) 51M->6M(1024M) 14,831ms
[2020-07-09T16:06:06.904+0300][gc,cpu       ] GC(0) User=0,01s Sys=0,00s Real=0,01s
[2020-07-09T16:06:07.525+0300][gc,start     ] GC(1) Pause Young (Concurrent Start) (Metadata GC Threshold)
[2020-07-09T16:06:07.525+0300][gc,task      ] GC(1) Using 1 workers of 1 for evacuation
[2020-07-09T16:06:07.556+0300][gc,mmu       ] GC(1) MMU target violated: 21,0ms (20,0ms/21,0ms)
[2020-07-09T16:06:07.556+0300][gc,phases    ] GC(1)   Pre Evacuate Collection Set: 0,1ms
[2020-07-09T16:06:07.556+0300][gc,phases    ] GC(1)   Evacuate Collection Set: 30,3ms
[2020-07-09T16:06:07.556+0300][gc,phases    ] GC(1)   Post Evacuate Collection Set: 0,3ms
[2020-07-09T16:06:07.556+0300][gc,phases    ] GC(1)   Other: 0,4ms
[2020-07-09T16:06:07.556+0300][gc,heap      ] GC(1) Eden regions: 18->0(50)
[2020-07-09T16:06:07.556+0300][gc,heap      ] GC(1) Survivor regions: 7->1(7)
[2020-07-09T16:06:07.556+0300][gc,heap      ] GC(1) Old regions: 0->7
[2020-07-09T16:06:07.556+0300][gc,heap      ] GC(1) Humongous regions: 0->0
[2020-07-09T16:06:07.557+0300][gc,metaspace ] GC(1) Metaspace: 20545K->20545K(1067008K)
[2020-07-09T16:06:07.557+0300][gc           ] GC(1) Pause Young (Concurrent Start) (Metadata GC Threshold) 23M->7M(1024M) 31,129ms
[2020-07-09T16:06:07.557+0300][gc,cpu       ] GC(1) User=0,01s Sys=0,00s Real=0,03s
[2020-07-09T16:06:07.557+0300][gc           ] GC(2) Concurrent Cycle
[2020-07-09T16:06:07.557+0300][gc,marking   ] GC(2) Concurrent Clear Claimed Marks
[2020-07-09T16:06:07.557+0300][gc,marking   ] GC(2) Concurrent Clear Claimed Marks 0,044ms
[2020-07-09T16:06:07.557+0300][gc,marking   ] GC(2) Concurrent Scan Root Regions
[2020-07-09T16:06:07.558+0300][gc,marking   ] GC(2) Concurrent Scan Root Regions 1,361ms
[2020-07-09T16:06:07.558+0300][gc,marking   ] GC(2) Concurrent Mark (3,650s)
[2020-07-09T16:06:07.558+0300][gc,marking   ] GC(2) Concurrent Mark From Roots
[2020-07-09T16:06:07.558+0300][gc,task      ] GC(2) Using 1 workers of 1 for marking
[2020-07-09T16:06:07.606+0300][gc,marking   ] GC(2) Concurrent Mark From Roots 47,639ms
[2020-07-09T16:06:07.606+0300][gc,marking   ] GC(2) Concurrent Preclean
[2020-07-09T16:06:07.606+0300][gc,marking   ] GC(2) Concurrent Preclean 0,073ms
[2020-07-09T16:06:07.606+0300][gc,marking   ] GC(2) Concurrent Mark (3,650s, 3,698s) 47,750ms
[2020-07-09T16:06:07.606+0300][gc,start     ] GC(2) Pause Remark
[2020-07-09T16:06:07.613+0300][gc,stringtable] GC(2) Cleaned string and symbol table, strings: 9045 processed, 0 removed, symbols: 50925 processed, 53 removed
[2020-07-09T16:06:07.613+0300][gc            ] GC(2) Pause Remark 8M->8M(1024M) 6,716ms
[2020-07-09T16:06:07.613+0300][gc,cpu        ] GC(2) User=0,00s Sys=0,00s Real=0,01s
[2020-07-09T16:06:07.613+0300][gc,marking    ] GC(2) Concurrent Rebuild Remembered Sets
[2020-07-09T16:06:07.630+0300][gc,marking    ] GC(2) Concurrent Rebuild Remembered Sets 17,194ms
[2020-07-09T16:06:07.633+0300][gc,start      ] GC(2) Pause Cleanup
[2020-07-09T16:06:07.634+0300][gc            ] GC(2) Pause Cleanup 8M->8M(1024M) 0,516ms
[2020-07-09T16:06:07.634+0300][gc,cpu        ] GC(2) User=0,00s Sys=0,00s Real=0,00s
[2020-07-09T16:06:07.634+0300][gc,marking    ] GC(2) Concurrent Cleanup for Next Mark
[2020-07-09T16:06:07.650+0300][gc,marking    ] GC(2) Concurrent Cleanup for Next Mark 15,790ms
[2020-07-09T16:06:07.650+0300][gc            ] GC(2) Concurrent Cycle 92,649ms
[2020-07-09T16:06:09.707+0300][gc,start      ] GC(3) Pause Young (Normal) (G1 Evacuation Pause)
[2020-07-09T16:06:09.707+0300][gc,task       ] GC(3) Using 1 workers of 1 for evacuation
[2020-07-09T16:06:09.725+0300][gc,phases     ] GC(3)   Pre Evacuate Collection Set: 0,0ms
[2020-07-09T16:06:09.725+0300][gc,phases     ] GC(3)   Evacuate Collection Set: 17,6ms
[2020-07-09T16:06:09.725+0300][gc,phases     ] GC(3)   Post Evacuate Collection Set: 0,3ms
[2020-07-09T16:06:09.725+0300][gc,phases     ] GC(3)   Other: 0,1ms
[2020-07-09T16:06:09.725+0300][gc,heap       ] GC(3) Eden regions: 50->0(46)
[2020-07-09T16:06:09.725+0300][gc,heap       ] GC(3) Survivor regions: 1->5(7)
[2020-07-09T16:06:09.725+0300][gc,heap       ] GC(3) Old regions: 7->7
[2020-07-09T16:06:09.725+0300][gc,heap       ] GC(3) Humongous regions: 129->129
[2020-07-09T16:06:09.725+0300][gc,metaspace  ] GC(3) Metaspace: 29102K->29102K(1075200K)
[2020-07-09T16:06:09.725+0300][gc            ] GC(3) Pause Young (Normal) (G1 Evacuation Pause) 186M->140M(1024M) 18,199ms
[2020-07-09T16:06:09.725+0300][gc,cpu        ] GC(3) User=0,01s Sys=0,00s Real=0,02s
[2020-07-09T16:06:10.703+0300][gc,start      ] GC(4) Pause Young (Concurrent Start) (Metadata GC Threshold)
[2020-07-09T16:06:10.703+0300][gc,task       ] GC(4) Using 1 workers of 1 for evacuation
[2020-07-09T16:06:10.731+0300][gc,mmu        ] GC(4) MMU target violated: 21,0ms (20,0ms/21,0ms)
[2020-07-09T16:06:10.731+0300][gc,phases     ] GC(4)   Pre Evacuate Collection Set: 0,1ms
[2020-07-09T16:06:10.731+0300][gc,phases     ] GC(4)   Evacuate Collection Set: 27,2ms
[2020-07-09T16:06:10.731+0300][gc,phases     ] GC(4)   Post Evacuate Collection Set: 0,3ms
[2020-07-09T16:06:10.731+0300][gc,phases     ] GC(4)   Other: 0,2ms
[2020-07-09T16:06:10.731+0300][gc,heap       ] GC(4) Eden regions: 28->0(49)
[2020-07-09T16:06:10.731+0300][gc,heap       ] GC(4) Survivor regions: 5->2(7)
[2020-07-09T16:06:10.731+0300][gc,heap       ] GC(4) Old regions: 7->12
[2020-07-09T16:06:10.731+0300][gc,heap       ] GC(4) Humongous regions: 129->129
[2020-07-09T16:06:10.731+0300][gc,metaspace  ] GC(4) Metaspace: 34240K->34240K(1079296K)
[2020-07-09T16:06:10.731+0300][gc            ] GC(4) Pause Young (Concurrent Start) (Metadata GC Threshold) 168M->142M(1024M) 27,897ms
[2020-07-09T16:06:10.731+0300][gc,cpu        ] GC(4) User=0,03s Sys=0,00s Real=0,03s
[2020-07-09T16:06:10.731+0300][gc            ] GC(5) Concurrent Cycle
[2020-07-09T16:06:10.731+0300][gc,marking    ] GC(5) Concurrent Clear Claimed Marks
[2020-07-09T16:06:10.731+0300][gc,marking    ] GC(5) Concurrent Clear Claimed Marks 0,094ms
[2020-07-09T16:06:10.731+0300][gc,marking    ] GC(5) Concurrent Scan Root Regions
[2020-07-09T16:06:10.741+0300][gc,marking    ] GC(5) Concurrent Scan Root Regions 10,155ms
[2020-07-09T16:06:10.741+0300][gc,marking    ] GC(5) Concurrent Mark (6,833s)
[2020-07-09T16:06:10.741+0300][gc,marking    ] GC(5) Concurrent Mark From Roots
[2020-07-09T16:06:10.741+0300][gc,task       ] GC(5) Using 1 workers of 1 for marking
[2020-07-09T16:06:10.826+0300][gc,marking    ] GC(5) Concurrent Mark From Roots 84,164ms
[2020-07-09T16:06:10.826+0300][gc,marking    ] GC(5) Concurrent Preclean
[2020-07-09T16:06:10.826+0300][gc,marking    ] GC(5) Concurrent Preclean 0,090ms
[2020-07-09T16:06:10.826+0300][gc,marking    ] GC(5) Concurrent Mark (6,833s, 6,918s) 84,305ms
[2020-07-09T16:06:10.826+0300][gc,start      ] GC(5) Pause Remark
[2020-07-09T16:06:10.839+0300][gc,stringtable] GC(5) Cleaned string and symbol table, strings: 15327 processed, 10 removed, symbols: 78652 processed, 23 removed
[2020-07-09T16:06:10.840+0300][gc            ] GC(5) Pause Remark 143M->143M(1024M) 13,673ms
[2020-07-09T16:06:10.840+0300][gc,cpu        ] GC(5) User=0,01s Sys=0,00s Real=0,01s
[2020-07-09T16:06:10.840+0300][gc,marking    ] GC(5) Concurrent Rebuild Remembered Sets
[2020-07-09T16:06:10.909+0300][gc,marking    ] GC(5) Concurrent Rebuild Remembered Sets 69,270ms
[2020-07-09T16:06:10.910+0300][gc,start      ] GC(5) Pause Cleanup
[2020-07-09T16:06:10.910+0300][gc            ] GC(5) Pause Cleanup 144M->144M(1024M) 0,275ms
[2020-07-09T16:06:10.910+0300][gc,cpu        ] GC(5) User=0,00s Sys=0,00s Real=0,00s
[2020-07-09T16:06:10.910+0300][gc,marking    ] GC(5) Concurrent Cleanup for Next Mark
[2020-07-09T16:06:10.931+0300][gc,marking    ] GC(5) Concurrent Cleanup for Next Mark 21,385ms
[2020-07-09T16:06:10.931+0300][gc            ] GC(5) Concurrent Cycle 200,148ms
[2020-07-09T16:21:23.915+0300][gc,start      ] GC(6) Pause Young (Normal) (G1 Evacuation Pause)
[2020-07-09T16:21:23.915+0300][gc,task       ] GC(6) Using 1 workers of 1 for evacuation
[2020-07-09T16:21:23.966+0300][gc,mmu        ] GC(6) MMU target violated: 21,0ms (20,0ms/21,0ms)
[2020-07-09T16:21:23.966+0300][gc,phases     ] GC(6)   Pre Evacuate Collection Set: 0,0ms
[2020-07-09T16:21:23.966+0300][gc,phases     ] GC(6)   Evacuate Collection Set: 49,6ms
[2020-07-09T16:21:23.966+0300][gc,phases     ] GC(6)   Post Evacuate Collection Set: 0,8ms
[2020-07-09T16:21:23.966+0300][gc,phases     ] GC(6)   Other: 0,2ms
[2020-07-09T16:21:23.966+0300][gc,heap       ] GC(6) Eden regions: 49->0(48)
[2020-07-09T16:21:23.966+0300][gc,heap       ] GC(6) Survivor regions: 2->3(7)
[2020-07-09T16:21:23.966+0300][gc,heap       ] GC(6) Old regions: 12->12
[2020-07-09T16:21:23.966+0300][gc,heap       ] GC(6) Humongous regions: 177->129
[2020-07-09T16:21:23.966+0300][gc,metaspace  ] GC(6) Metaspace: 36864K->36864K(1083392K)
[2020-07-09T16:21:23.966+0300][gc            ] GC(6) Pause Young (Normal) (G1 Evacuation Pause) 239M->142M(1024M) 50,887ms
[2020-07-09T16:21:23.966+0300][gc,cpu        ] GC(6) User=0,01s Sys=0,00s Real=0,05s
[2020-07-09T16:39:50.067+0300][gc,start      ] GC(7) Pause Young (Normal) (G1 Evacuation Pause)
[2020-07-09T16:39:50.093+0300][gc,task       ] GC(7) Using 1 workers of 1 for evacuation
[2020-07-09T16:39:50.109+0300][gc,phases     ] GC(7)   Pre Evacuate Collection Set: 0,0ms
[2020-07-09T16:39:50.109+0300][gc,phases     ] GC(7)   Evacuate Collection Set: 15,4ms
[2020-07-09T16:39:50.109+0300][gc,phases     ] GC(7)   Post Evacuate Collection Set: 0,4ms
[2020-07-09T16:39:50.109+0300][gc,phases     ] GC(7)   Other: 26,8ms
[2020-07-09T16:39:50.109+0300][gc,heap       ] GC(7) Eden regions: 48->0(48)
[2020-07-09T16:39:50.109+0300][gc,heap       ] GC(7) Survivor regions: 3->3(7)
[2020-07-09T16:39:50.109+0300][gc,heap       ] GC(7) Old regions: 12->12
[2020-07-09T16:39:50.109+0300][gc,heap       ] GC(7) Humongous regions: 129->129
[2020-07-09T16:39:50.109+0300][gc,metaspace  ] GC(7) Metaspace: 38586K->38586K(1083392K)
[2020-07-09T16:39:50.109+0300][gc            ] GC(7) Pause Young (Normal) (G1 Evacuation Pause) 190M->143M(1024M) 42,702ms
[2020-07-09T16:39:50.109+0300][gc,cpu        ] GC(7) User=0,01s Sys=0,00s Real=0,05s
[2020-07-09T16:50:09.071+0300][gc,start      ] GC(8) Pause Young (Normal) (G1 Evacuation Pause)
[2020-07-09T16:50:09.071+0300][gc,task       ] GC(8) Using 1 workers of 1 for evacuation
[2020-07-09T16:50:09.092+0300][gc,mmu        ] GC(8) MMU target violated: 20,7ms (20,0ms/21,0ms)
[2020-07-09T16:50:09.092+0300][gc,phases     ] GC(8)   Pre Evacuate Collection Set: 0,0ms
[2020-07-09T16:50:09.092+0300][gc,phases     ] GC(8)   Evacuate Collection Set: 20,1ms
[2020-07-09T16:50:09.092+0300][gc,phases     ] GC(8)   Post Evacuate Collection Set: 0,5ms
[2020-07-09T16:50:09.092+0300][gc,phases     ] GC(8)   Other: 0,2ms
[2020-07-09T16:50:09.092+0300][gc,heap       ] GC(8) Eden regions: 48->0(46)
[2020-07-09T16:50:09.092+0300][gc,heap       ] GC(8) Survivor regions: 3->5(7)
[2020-07-09T16:50:09.092+0300][gc,heap       ] GC(8) Old regions: 12->12
[2020-07-09T16:50:09.092+0300][gc,heap       ] GC(8) Humongous regions: 129->129
[2020-07-09T16:50:09.092+0300][gc,metaspace  ] GC(8) Metaspace: 39805K->39805K(1085440K)
[2020-07-09T16:50:09.092+0300][gc            ] GC(8) Pause Young (Normal) (G1 Evacuation Pause) 191M->144M(1024M) 20,933ms
[2020-07-09T16:50:09.092+0300][gc,cpu        ] GC(8) User=0,02s Sys=0,00s Real=0,02s
[2020-07-09T17:07:54.517+0300][gc,start      ] GC(9) Pause Young (Normal) (G1 Evacuation Pause)
[2020-07-09T17:07:54.517+0300][gc,task       ] GC(9) Using 1 workers of 1 for evacuation
[2020-07-09T17:07:54.534+0300][gc,phases     ] GC(9)   Pre Evacuate Collection Set: 0,0ms
[2020-07-09T17:07:54.534+0300][gc,phases     ] GC(9)   Evacuate Collection Set: 15,5ms
[2020-07-09T17:07:54.534+0300][gc,phases     ] GC(9)   Post Evacuate Collection Set: 0,5ms
[2020-07-09T17:07:54.534+0300][gc,phases     ] GC(9)   Other: 0,2ms
[2020-07-09T17:07:54.534+0300][gc,heap       ] GC(9) Eden regions: 46->0(48)
[2020-07-09T17:07:54.534+0300][gc,heap       ] GC(9) Survivor regions: 5->3(7)
[2020-07-09T17:07:54.534+0300][gc,heap       ] GC(9) Old regions: 12->13
[2020-07-09T17:07:54.534+0300][gc,heap       ] GC(9) Humongous regions: 129->129
[2020-07-09T17:07:54.534+0300][gc,metaspace  ] GC(9) Metaspace: 40011K->40011K(1085440K)
[2020-07-09T17:07:54.534+0300][gc            ] GC(9) Pause Young (Normal) (G1 Evacuation Pause) 190M->144M(1024M) 16,385ms
[2020-07-09T17:07:54.534+0300][gc,cpu        ] GC(9) User=0,01s Sys=0,00s Real=0,02s
[2020-07-09T17:26:38.605+0300][gc,start      ] GC(10) Pause Young (Normal) (G1 Evacuation Pause)
[2020-07-09T17:26:38.605+0300][gc,task       ] GC(10) Using 1 workers of 1 for evacuation
[2020-07-09T17:26:38.618+0300][gc,phases     ] GC(10)   Pre Evacuate Collection Set: 0,0ms
[2020-07-09T17:26:38.618+0300][gc,phases     ] GC(10)   Evacuate Collection Set: 12,5ms
[2020-07-09T17:26:38.618+0300][gc,phases     ] GC(10)   Post Evacuate Collection Set: 0,4ms
[2020-07-09T17:26:38.618+0300][gc,phases     ] GC(10)   Other: 0,1ms
[2020-07-09T17:26:38.618+0300][gc,heap       ] GC(10) Eden regions: 48->0(48)
[2020-07-09T17:26:38.618+0300][gc,heap       ] GC(10) Survivor regions: 3->3(7)
[2020-07-09T17:26:38.618+0300][gc,heap       ] GC(10) Old regions: 13->13
[2020-07-09T17:26:38.618+0300][gc,heap       ] GC(10) Humongous regions: 129->129
[2020-07-09T17:26:38.618+0300][gc,metaspace  ] GC(10) Metaspace: 40039K->40039K(1085440K)
[2020-07-09T17:26:38.618+0300][gc            ] GC(10) Pause Young (Normal) (G1 Evacuation Pause) 192M->144M(1024M) 13,114ms
[2020-07-09T17:26:38.618+0300][gc,cpu        ] GC(10) User=0,02s Sys=0,00s Real=0,01s
