[2020-07-09T14:49:32.943+0300][gc,heap] Heap region size: 1M
[2020-07-09T14:49:32.950+0300][gc     ] Using G1
[2020-07-09T14:49:32.950+0300][gc,heap,coops] Heap address: 0x00000000c0000000, size: 1024 MB, Compressed Oops mode: 32-bit
[2020-07-09T14:49:36.647+0300][gc,start     ] GC(0) Pause Young (Normal) (G1 Evacuation Pause)
[2020-07-09T14:49:36.647+0300][gc,task      ] GC(0) Using 1 workers of 1 for evacuation
[2020-07-09T14:49:36.668+0300][gc,mmu       ] GC(0) MMU target violated: 21,0ms (20,0ms/21,0ms)
[2020-07-09T14:49:36.668+0300][gc,phases    ] GC(0)   Pre Evacuate Collection Set: 0,0ms
[2020-07-09T14:49:36.668+0300][gc,phases    ] GC(0)   Evacuate Collection Set: 21,0ms
[2020-07-09T14:49:36.668+0300][gc,phases    ] GC(0)   Post Evacuate Collection Set: 0,4ms
[2020-07-09T14:49:36.668+0300][gc,phases    ] GC(0)   Other: 0,2ms
[2020-07-09T14:49:36.668+0300][gc,heap      ] GC(0) Eden regions: 51->0(44)
[2020-07-09T14:49:36.668+0300][gc,heap      ] GC(0) Survivor regions: 0->7(7)
[2020-07-09T14:49:36.668+0300][gc,heap      ] GC(0) Old regions: 0->0
[2020-07-09T14:49:36.668+0300][gc,heap      ] GC(0) Humongous regions: 0->0
[2020-07-09T14:49:36.668+0300][gc,metaspace ] GC(0) Metaspace: 16181K->16181K(1062912K)
[2020-07-09T14:49:36.668+0300][gc           ] GC(0) Pause Young (Normal) (G1 Evacuation Pause) 51M->6M(1024M) 21,673ms
[2020-07-09T14:49:36.668+0300][gc,cpu       ] GC(0) User=0,00s Sys=0,01s Real=0,03s
[2020-07-09T14:49:37.518+0300][gc,start     ] GC(1) Pause Young (Concurrent Start) (Metadata GC Threshold)
[2020-07-09T14:49:37.518+0300][gc,task      ] GC(1) Using 1 workers of 1 for evacuation
[2020-07-09T14:49:37.593+0300][gc,mmu       ] GC(1) MMU target violated: 21,0ms (20,0ms/21,0ms)
[2020-07-09T14:49:37.593+0300][gc,phases    ] GC(1)   Pre Evacuate Collection Set: 0,0ms
[2020-07-09T14:49:37.593+0300][gc,phases    ] GC(1)   Evacuate Collection Set: 74,7ms
[2020-07-09T14:49:37.593+0300][gc,phases    ] GC(1)   Post Evacuate Collection Set: 0,4ms
[2020-07-09T14:49:37.593+0300][gc,phases    ] GC(1)   Other: 0,2ms
[2020-07-09T14:49:37.593+0300][gc,heap      ] GC(1) Eden regions: 19->0(49)
[2020-07-09T14:49:37.593+0300][gc,heap      ] GC(1) Survivor regions: 7->2(7)
[2020-07-09T14:49:37.593+0300][gc,heap      ] GC(1) Old regions: 0->7
[2020-07-09T14:49:37.593+0300][gc,heap      ] GC(1) Humongous regions: 129->129
[2020-07-09T14:49:37.593+0300][gc,metaspace ] GC(1) Metaspace: 20483K->20483K(1067008K)
[2020-07-09T14:49:37.593+0300][gc           ] GC(1) Pause Young (Concurrent Start) (Metadata GC Threshold) 154M->136M(1024M) 75,407ms
[2020-07-09T14:49:37.593+0300][gc,cpu       ] GC(1) User=0,02s Sys=0,00s Real=0,08s
[2020-07-09T14:49:37.593+0300][gc           ] GC(2) Concurrent Cycle
[2020-07-09T14:49:37.594+0300][gc,marking   ] GC(2) Concurrent Clear Claimed Marks
[2020-07-09T14:49:37.594+0300][gc,marking   ] GC(2) Concurrent Clear Claimed Marks 0,051ms
[2020-07-09T14:49:37.594+0300][gc,marking   ] GC(2) Concurrent Scan Root Regions
[2020-07-09T14:49:37.595+0300][gc,marking   ] GC(2) Concurrent Scan Root Regions 1,392ms
[2020-07-09T14:49:37.595+0300][gc,marking   ] GC(2) Concurrent Mark (4,655s)
[2020-07-09T14:49:37.595+0300][gc,marking   ] GC(2) Concurrent Mark From Roots
[2020-07-09T14:49:37.595+0300][gc,task      ] GC(2) Using 1 workers of 1 for marking
[2020-07-09T14:49:37.668+0300][gc,marking   ] GC(2) Concurrent Mark From Roots 73,187ms
[2020-07-09T14:49:37.668+0300][gc,marking   ] GC(2) Concurrent Preclean
[2020-07-09T14:49:37.668+0300][gc,marking   ] GC(2) Concurrent Preclean 0,077ms
[2020-07-09T14:49:37.668+0300][gc,marking   ] GC(2) Concurrent Mark (4,655s, 4,728s) 73,306ms
[2020-07-09T14:49:37.672+0300][gc,start     ] GC(2) Pause Remark
[2020-07-09T14:49:37.678+0300][gc,stringtable] GC(2) Cleaned string and symbol table, strings: 9138 processed, 0 removed, symbols: 50200 processed, 51 removed
[2020-07-09T14:49:37.679+0300][gc            ] GC(2) Pause Remark 138M->138M(1024M) 6,594ms
[2020-07-09T14:49:37.679+0300][gc,cpu        ] GC(2) User=0,00s Sys=0,00s Real=0,00s
[2020-07-09T14:49:37.679+0300][gc,marking    ] GC(2) Concurrent Rebuild Remembered Sets
[2020-07-09T14:49:37.702+0300][gc,marking    ] GC(2) Concurrent Rebuild Remembered Sets 22,695ms
[2020-07-09T14:49:37.705+0300][gc,start      ] GC(2) Pause Cleanup
[2020-07-09T14:49:37.705+0300][gc            ] GC(2) Pause Cleanup 138M->138M(1024M) 0,290ms
[2020-07-09T14:49:37.705+0300][gc,cpu        ] GC(2) User=0,00s Sys=0,00s Real=0,00s
[2020-07-09T14:49:37.705+0300][gc,marking    ] GC(2) Concurrent Cleanup for Next Mark
[2020-07-09T14:49:37.723+0300][gc,marking    ] GC(2) Concurrent Cleanup for Next Mark 17,266ms
[2020-07-09T14:49:37.723+0300][gc            ] GC(2) Concurrent Cycle 129,342ms
[2020-07-09T14:49:39.197+0300][gc,start      ] GC(3) Pause Young (Normal) (G1 Evacuation Pause)
[2020-07-09T14:49:39.197+0300][gc,task       ] GC(3) Using 1 workers of 1 for evacuation
[2020-07-09T14:49:39.221+0300][gc,mmu        ] GC(3) MMU target violated: 21,0ms (20,0ms/21,0ms)
[2020-07-09T14:49:39.221+0300][gc,phases     ] GC(3)   Pre Evacuate Collection Set: 0,0ms
[2020-07-09T14:49:39.221+0300][gc,phases     ] GC(3)   Evacuate Collection Set: 23,5ms
[2020-07-09T14:49:39.221+0300][gc,phases     ] GC(3)   Post Evacuate Collection Set: 0,3ms
[2020-07-09T14:49:39.221+0300][gc,phases     ] GC(3)   Other: 0,2ms
[2020-07-09T14:49:39.221+0300][gc,heap       ] GC(3) Eden regions: 49->0(46)
[2020-07-09T14:49:39.221+0300][gc,heap       ] GC(3) Survivor regions: 2->5(7)
[2020-07-09T14:49:39.221+0300][gc,heap       ] GC(3) Old regions: 7->7
[2020-07-09T14:49:39.221+0300][gc,heap       ] GC(3) Humongous regions: 129->129
[2020-07-09T14:49:39.221+0300][gc,metaspace  ] GC(3) Metaspace: 30095K->30095K(1077248K)
[2020-07-09T14:49:39.221+0300][gc            ] GC(3) Pause Young (Normal) (G1 Evacuation Pause) 185M->140M(1024M) 24,073ms
[2020-07-09T14:49:39.221+0300][gc,cpu        ] GC(3) User=0,02s Sys=0,00s Real=0,03s
[2020-07-09T14:51:08.271+0300][gc,start      ] GC(4) Pause Young (Concurrent Start) (Metadata GC Threshold)
[2020-07-09T14:51:08.271+0300][gc,task       ] GC(4) Using 1 workers of 1 for evacuation
[2020-07-09T14:51:08.289+0300][gc,phases     ] GC(4)   Pre Evacuate Collection Set: 0,1ms
[2020-07-09T14:51:08.289+0300][gc,phases     ] GC(4)   Evacuate Collection Set: 17,6ms
[2020-07-09T14:51:08.289+0300][gc,phases     ] GC(4)   Post Evacuate Collection Set: 0,3ms
[2020-07-09T14:51:08.289+0300][gc,phases     ] GC(4)   Other: 0,2ms
[2020-07-09T14:51:08.289+0300][gc,heap       ] GC(4) Eden regions: 21->0(50)
[2020-07-09T14:51:08.289+0300][gc,heap       ] GC(4) Survivor regions: 5->1(7)
[2020-07-09T14:51:08.289+0300][gc,heap       ] GC(4) Old regions: 7->12
[2020-07-09T14:51:08.289+0300][gc,heap       ] GC(4) Humongous regions: 129->129
[2020-07-09T14:51:08.289+0300][gc,metaspace  ] GC(4) Metaspace: 34349K->34349K(1079296K)
[2020-07-09T14:51:08.289+0300][gc            ] GC(4) Pause Young (Concurrent Start) (Metadata GC Threshold) 160M->141M(1024M) 18,266ms
[2020-07-09T14:51:08.289+0300][gc,cpu        ] GC(4) User=0,02s Sys=0,00s Real=0,02s
[2020-07-09T14:51:08.289+0300][gc            ] GC(5) Concurrent Cycle
[2020-07-09T14:51:08.289+0300][gc,marking    ] GC(5) Concurrent Clear Claimed Marks
[2020-07-09T14:51:08.290+0300][gc,marking    ] GC(5) Concurrent Clear Claimed Marks 0,102ms
[2020-07-09T14:51:08.290+0300][gc,marking    ] GC(5) Concurrent Scan Root Regions
[2020-07-09T14:51:08.292+0300][gc,marking    ] GC(5) Concurrent Scan Root Regions 2,882ms
[2020-07-09T14:51:08.292+0300][gc,marking    ] GC(5) Concurrent Mark (95,353s)
[2020-07-09T14:51:08.292+0300][gc,marking    ] GC(5) Concurrent Mark From Roots
[2020-07-09T14:51:08.292+0300][gc,task       ] GC(5) Using 1 workers of 1 for marking
[2020-07-09T14:51:08.395+0300][gc,marking    ] GC(5) Concurrent Mark From Roots 102,519ms
[2020-07-09T14:51:08.395+0300][gc,marking    ] GC(5) Concurrent Preclean
[2020-07-09T14:51:08.395+0300][gc,marking    ] GC(5) Concurrent Preclean 0,083ms
[2020-07-09T14:51:08.395+0300][gc,marking    ] GC(5) Concurrent Mark (95,353s, 95,455s) 102,643ms
[2020-07-09T14:51:08.395+0300][gc,start      ] GC(5) Pause Remark
[2020-07-09T14:51:08.406+0300][gc,stringtable] GC(5) Cleaned string and symbol table, strings: 14683 processed, 11 removed, symbols: 78692 processed, 27 removed
[2020-07-09T14:51:08.410+0300][gc            ] GC(5) Pause Remark 142M->142M(1024M) 14,386ms
[2020-07-09T14:51:08.410+0300][gc,cpu        ] GC(5) User=0,01s Sys=0,00s Real=0,02s
[2020-07-09T14:51:08.410+0300][gc,marking    ] GC(5) Concurrent Rebuild Remembered Sets
[2020-07-09T14:51:08.434+0300][gc,marking    ] GC(5) Concurrent Rebuild Remembered Sets 24,638ms
[2020-07-09T14:51:08.434+0300][gc,start      ] GC(5) Pause Cleanup
[2020-07-09T14:51:08.435+0300][gc            ] GC(5) Pause Cleanup 143M->143M(1024M) 0,282ms
[2020-07-09T14:51:08.435+0300][gc,cpu        ] GC(5) User=0,00s Sys=0,00s Real=0,00s
[2020-07-09T14:51:08.435+0300][gc,marking    ] GC(5) Concurrent Cleanup for Next Mark
[2020-07-09T14:51:08.452+0300][gc,marking    ] GC(5) Concurrent Cleanup for Next Mark 17,728ms
[2020-07-09T14:51:08.453+0300][gc            ] GC(5) Concurrent Cycle 163,124ms
[2020-07-09T15:00:43.215+0300][gc,start      ] GC(6) Pause Young (Normal) (G1 Evacuation Pause)
[2020-07-09T15:00:43.215+0300][gc,task       ] GC(6) Using 1 workers of 1 for evacuation
[2020-07-09T15:00:43.264+0300][gc,mmu        ] GC(6) MMU target violated: 21,0ms (20,0ms/21,0ms)
[2020-07-09T15:00:43.264+0300][gc,phases     ] GC(6)   Pre Evacuate Collection Set: 0,0ms
[2020-07-09T15:00:43.264+0300][gc,phases     ] GC(6)   Evacuate Collection Set: 45,9ms
[2020-07-09T15:00:43.264+0300][gc,phases     ] GC(6)   Post Evacuate Collection Set: 3,3ms
[2020-07-09T15:00:43.264+0300][gc,phases     ] GC(6)   Other: 0,3ms
[2020-07-09T15:00:43.264+0300][gc,heap       ] GC(6) Eden regions: 50->0(48)
[2020-07-09T15:00:43.264+0300][gc,heap       ] GC(6) Survivor regions: 1->3(7)
[2020-07-09T15:00:43.264+0300][gc,heap       ] GC(6) Old regions: 12->12
[2020-07-09T15:00:43.264+0300][gc,heap       ] GC(6) Humongous regions: 129->129
[2020-07-09T15:00:43.264+0300][gc,metaspace  ] GC(6) Metaspace: 36253K->36253K(1081344K)
[2020-07-09T15:00:43.265+0300][gc            ] GC(6) Pause Young (Normal) (G1 Evacuation Pause) 191M->143M(1024M) 49,544ms
[2020-07-09T15:00:43.265+0300][gc,cpu        ] GC(6) User=0,01s Sys=0,00s Real=0,05s
[2020-07-09T15:13:58.255+0300][gc,start      ] GC(7) Pause Young (Normal) (G1 Evacuation Pause)
[2020-07-09T15:13:58.274+0300][gc,task       ] GC(7) Using 1 workers of 1 for evacuation
[2020-07-09T15:13:58.292+0300][gc,phases     ] GC(7)   Pre Evacuate Collection Set: 0,0ms
[2020-07-09T15:13:58.292+0300][gc,phases     ] GC(7)   Evacuate Collection Set: 17,3ms
[2020-07-09T15:13:58.292+0300][gc,phases     ] GC(7)   Post Evacuate Collection Set: 0,5ms
[2020-07-09T15:13:58.292+0300][gc,phases     ] GC(7)   Other: 19,2ms
[2020-07-09T15:13:58.292+0300][gc,heap       ] GC(7) Eden regions: 48->0(47)
[2020-07-09T15:13:58.292+0300][gc,heap       ] GC(7) Survivor regions: 3->4(7)
[2020-07-09T15:13:58.292+0300][gc,heap       ] GC(7) Old regions: 12->12
[2020-07-09T15:13:58.292+0300][gc,heap       ] GC(7) Humongous regions: 129->129
[2020-07-09T15:13:58.292+0300][gc,metaspace  ] GC(7) Metaspace: 39281K->39281K(1085440K)
[2020-07-09T15:13:58.292+0300][gc            ] GC(7) Pause Young (Normal) (G1 Evacuation Pause) 191M->143M(1024M) 37,108ms
[2020-07-09T15:13:58.292+0300][gc,cpu        ] GC(7) User=0,02s Sys=0,00s Real=0,04s
[2020-07-09T15:24:23.261+0300][gc,heap,exit  ] Heap
[2020-07-09T15:24:23.261+0300][gc,heap,exit  ]  garbage-first heap   total 1048576K, used 190318K [0x00000000c0000000, 0x0000000100000000)
[2020-07-09T15:24:23.261+0300][gc,heap,exit  ]   region size 1024K, 48 young (49152K), 4 survivors (4096K)
[2020-07-09T15:24:23.261+0300][gc,heap,exit  ]  Metaspace       used 40544K, capacity 42882K, committed 43088K, reserved 1085440K
[2020-07-09T15:24:23.261+0300][gc,heap,exit  ]   class space    used 5529K, capacity 6680K, committed 6740K, reserved 1048576K
