[2020-07-09T16:04:23.858+0300][gc,heap] Heap region size: 1M
[2020-07-09T16:04:23.866+0300][gc     ] Using G1
[2020-07-09T16:04:23.866+0300][gc,heap,coops] Heap address: 0x00000000c0000000, size: 1024 MB, Compressed Oops mode: 32-bit
[2020-07-09T16:04:28.093+0300][gc,start     ] GC(0) Pause Young (Normal) (G1 Evacuation Pause)
[2020-07-09T16:04:28.093+0300][gc,task      ] GC(0) Using 1 workers of 1 for evacuation
[2020-07-09T16:04:28.111+0300][gc,phases    ] GC(0)   Pre Evacuate Collection Set: 0,0ms
[2020-07-09T16:04:28.111+0300][gc,phases    ] GC(0)   Evacuate Collection Set: 16,9ms
[2020-07-09T16:04:28.111+0300][gc,phases    ] GC(0)   Post Evacuate Collection Set: 0,5ms
[2020-07-09T16:04:28.111+0300][gc,phases    ] GC(0)   Other: 0,2ms
[2020-07-09T16:04:28.111+0300][gc,heap      ] GC(0) Eden regions: 51->0(44)
[2020-07-09T16:04:28.111+0300][gc,heap      ] GC(0) Survivor regions: 0->7(7)
[2020-07-09T16:04:28.111+0300][gc,heap      ] GC(0) Old regions: 0->0
[2020-07-09T16:04:28.111+0300][gc,heap      ] GC(0) Humongous regions: 0->0
[2020-07-09T16:04:28.111+0300][gc,metaspace ] GC(0) Metaspace: 16290K->16290K(1064960K)
[2020-07-09T16:04:28.111+0300][gc           ] GC(0) Pause Young (Normal) (G1 Evacuation Pause) 51M->6M(1024M) 17,728ms
[2020-07-09T16:04:28.111+0300][gc,cpu       ] GC(0) User=0,01s Sys=0,00s Real=0,02s
[2020-07-09T16:04:28.622+0300][gc,start     ] GC(1) Pause Young (Concurrent Start) (Metadata GC Threshold)
[2020-07-09T16:04:28.622+0300][gc,task      ] GC(1) Using 1 workers of 1 for evacuation
[2020-07-09T16:04:28.637+0300][gc,phases    ] GC(1)   Pre Evacuate Collection Set: 0,0ms
[2020-07-09T16:04:28.637+0300][gc,phases    ] GC(1)   Evacuate Collection Set: 14,9ms
[2020-07-09T16:04:28.637+0300][gc,phases    ] GC(1)   Post Evacuate Collection Set: 0,3ms
[2020-07-09T16:04:28.637+0300][gc,phases    ] GC(1)   Other: 0,2ms
[2020-07-09T16:04:28.637+0300][gc,heap      ] GC(1) Eden regions: 18->0(50)
[2020-07-09T16:04:28.637+0300][gc,heap      ] GC(1) Survivor regions: 7->1(7)
[2020-07-09T16:04:28.637+0300][gc,heap      ] GC(1) Old regions: 0->7
[2020-07-09T16:04:28.637+0300][gc,heap      ] GC(1) Humongous regions: 0->0
[2020-07-09T16:04:28.637+0300][gc,metaspace ] GC(1) Metaspace: 20550K->20550K(1067008K)
[2020-07-09T16:04:28.637+0300][gc           ] GC(1) Pause Young (Concurrent Start) (Metadata GC Threshold) 23M->7M(1024M) 15,494ms
[2020-07-09T16:04:28.637+0300][gc,cpu       ] GC(1) User=0,02s Sys=0,00s Real=0,01s
[2020-07-09T16:04:28.638+0300][gc           ] GC(2) Concurrent Cycle
[2020-07-09T16:04:28.638+0300][gc,marking   ] GC(2) Concurrent Clear Claimed Marks
[2020-07-09T16:04:28.638+0300][gc,marking   ] GC(2) Concurrent Clear Claimed Marks 0,037ms
[2020-07-09T16:04:28.638+0300][gc,marking   ] GC(2) Concurrent Scan Root Regions
[2020-07-09T16:04:28.639+0300][gc,marking   ] GC(2) Concurrent Scan Root Regions 0,788ms
[2020-07-09T16:04:28.639+0300][gc,marking   ] GC(2) Concurrent Mark (4,783s)
[2020-07-09T16:04:28.639+0300][gc,marking   ] GC(2) Concurrent Mark From Roots
[2020-07-09T16:04:28.639+0300][gc,task      ] GC(2) Using 1 workers of 1 for marking
[2020-07-09T16:04:28.674+0300][gc,marking   ] GC(2) Concurrent Mark From Roots 35,147ms
[2020-07-09T16:04:28.674+0300][gc,marking   ] GC(2) Concurrent Preclean
[2020-07-09T16:04:28.674+0300][gc,marking   ] GC(2) Concurrent Preclean 0,089ms
[2020-07-09T16:04:28.674+0300][gc,marking   ] GC(2) Concurrent Mark (4,783s, 4,819s) 35,275ms
[2020-07-09T16:04:28.674+0300][gc,start     ] GC(2) Pause Remark
[2020-07-09T16:04:28.678+0300][gc,stringtable] GC(2) Cleaned string and symbol table, strings: 9051 processed, 0 removed, symbols: 50944 processed, 52 removed
[2020-07-09T16:04:28.678+0300][gc            ] GC(2) Pause Remark 8M->8M(1024M) 3,787ms
[2020-07-09T16:04:28.678+0300][gc,cpu        ] GC(2) User=0,01s Sys=0,00s Real=0,00s
[2020-07-09T16:04:28.678+0300][gc,marking    ] GC(2) Concurrent Rebuild Remembered Sets
[2020-07-09T16:04:28.697+0300][gc,marking    ] GC(2) Concurrent Rebuild Remembered Sets 18,885ms
[2020-07-09T16:04:28.697+0300][gc,start      ] GC(2) Pause Cleanup
[2020-07-09T16:04:28.698+0300][gc            ] GC(2) Pause Cleanup 9M->9M(1024M) 0,278ms
[2020-07-09T16:04:28.698+0300][gc,cpu        ] GC(2) User=0,00s Sys=0,00s Real=0,00s
[2020-07-09T16:04:28.698+0300][gc,marking    ] GC(2) Concurrent Cleanup for Next Mark
[2020-07-09T16:04:28.721+0300][gc,marking    ] GC(2) Concurrent Cleanup for Next Mark 22,817ms
[2020-07-09T16:04:28.721+0300][gc            ] GC(2) Concurrent Cycle 82,714ms
[2020-07-09T16:04:35.541+0300][gc,start      ] GC(3) Pause Young (Normal) (G1 Evacuation Pause)
[2020-07-09T16:04:35.541+0300][gc,task       ] GC(3) Using 1 workers of 1 for evacuation
[2020-07-09T16:04:35.592+0300][gc,mmu        ] GC(3) MMU target violated: 21,0ms (20,0ms/21,0ms)
[2020-07-09T16:04:35.592+0300][gc,phases     ] GC(3)   Pre Evacuate Collection Set: 0,0ms
[2020-07-09T16:04:35.592+0300][gc,phases     ] GC(3)   Evacuate Collection Set: 48,8ms
[2020-07-09T16:04:35.592+0300][gc,phases     ] GC(3)   Post Evacuate Collection Set: 0,7ms
[2020-07-09T16:04:35.592+0300][gc,phases     ] GC(3)   Other: 1,4ms
[2020-07-09T16:04:35.592+0300][gc,heap       ] GC(3) Eden regions: 50->0(47)
[2020-07-09T16:04:35.592+0300][gc,heap       ] GC(3) Survivor regions: 1->4(7)
[2020-07-09T16:04:35.592+0300][gc,heap       ] GC(3) Old regions: 7->7
[2020-07-09T16:04:35.592+0300][gc,heap       ] GC(3) Humongous regions: 129->0
[2020-07-09T16:04:35.592+0300][gc,metaspace  ] GC(3) Metaspace: 28675K->28675K(1075200K)
[2020-07-09T16:04:35.592+0300][gc            ] GC(3) Pause Young (Normal) (G1 Evacuation Pause) 186M->10M(1024M) 50,931ms
[2020-07-09T16:04:35.592+0300][gc,cpu        ] GC(3) User=0,02s Sys=0,00s Real=0,05s
[2020-07-09T16:04:35.700+0300][gc,heap,exit  ] Heap
[2020-07-09T16:04:35.700+0300][gc,heap,exit  ]  garbage-first heap   total 1048576K, used 13571K [0x00000000c0000000, 0x0000000100000000)
[2020-07-09T16:04:35.700+0300][gc,heap,exit  ]   region size 1024K, 8 young (8192K), 4 survivors (4096K)
[2020-07-09T16:04:35.700+0300][gc,heap,exit  ]  Metaspace       used 28775K, capacity 29912K, committed 30208K, reserved 1075200K
[2020-07-09T16:04:35.700+0300][gc,heap,exit  ]   class space    used 3812K, capacity 4306K, committed 4352K, reserved 1048576K
