[2020-07-09T14:49:15.633+0300][gc,heap] Heap region size: 1M
[2020-07-09T14:49:15.638+0300][gc     ] Using G1
[2020-07-09T14:49:15.639+0300][gc,heap,coops] Heap address: 0x00000000e0000000, size: 512 MB, Compressed Oops mode: 32-bit
[2020-07-09T14:49:38.613+0300][gc,start     ] GC(0) Pause Young (Normal) (G1 Evacuation Pause)
[2020-07-09T14:49:38.613+0300][gc,task      ] GC(0) Using 1 workers of 1 for evacuation
[2020-07-09T14:49:38.636+0300][gc,mmu       ] GC(0) MMU target violated: 21,0ms (20,0ms/21,0ms)
[2020-07-09T14:49:38.636+0300][gc,phases    ] GC(0)   Pre Evacuate Collection Set: 0,0ms
[2020-07-09T14:49:38.636+0300][gc,phases    ] GC(0)   Evacuate Collection Set: 17,8ms
[2020-07-09T14:49:38.636+0300][gc,phases    ] GC(0)   Post Evacuate Collection Set: 4,9ms
[2020-07-09T14:49:38.636+0300][gc,phases    ] GC(0)   Other: 0,1ms
[2020-07-09T14:49:38.636+0300][gc,heap      ] GC(0) Eden regions: 25->0(21)
[2020-07-09T14:49:38.636+0300][gc,heap      ] GC(0) Survivor regions: 0->4(4)
[2020-07-09T14:49:38.636+0300][gc,heap      ] GC(0) Old regions: 0->2
[2020-07-09T14:49:38.636+0300][gc,heap      ] GC(0) Humongous regions: 0->0
[2020-07-09T14:49:38.636+0300][gc,metaspace ] GC(0) Metaspace: 7795K->7795K(1056768K)
[2020-07-09T14:49:38.636+0300][gc           ] GC(0) Pause Young (Normal) (G1 Evacuation Pause) 25M->5M(512M) 22,942ms
[2020-07-09T14:49:38.636+0300][gc,cpu       ] GC(0) User=0,01s Sys=0,01s Real=0,02s
[2020-07-09T15:31:28.613+0300][gc,heap,exit ] Heap
[2020-07-09T15:31:28.632+0300][gc,heap,exit ]  garbage-first heap   total 524288K, used 20167K [0x00000000e0000000, 0x0000000100000000)
[2020-07-09T15:31:28.632+0300][gc,heap,exit ]   region size 1024K, 19 young (19456K), 4 survivors (4096K)
[2020-07-09T15:31:28.632+0300][gc,heap,exit ]  Metaspace       used 8342K, capacity 8624K, committed 8704K, reserved 1056768K
[2020-07-09T15:31:28.632+0300][gc,heap,exit ]   class space    used 889K, capacity 1004K, committed 1024K, reserved 1048576K
